../Core/Src/main.c:79:5:main	32	static
../Core/Src/main.c:187:6:SystemClock_Config	88	static
../Core/Src/main.c:235:13:MX_ADC1_Init	24	static
../Core/Src/main.c:282:13:MX_ADC2_Init	24	static
../Core/Src/main.c:329:13:MX_I2C1_Init	8	static
../Core/Src/main.c:363:13:MX_TIM1_Init	80	static
../Core/Src/main.c:436:13:MX_TIM3_Init	48	static
../Core/Src/main.c:489:13:MX_USART3_UART_Init	8	static
../Core/Src/main.c:522:13:MX_GPIO_Init	40	static
../Core/Src/main.c:599:6:Error_Handler	4	static,ignoring_inline_asm
