../Core/Src/main.c:289:6:main_f_Init_v	8	static
../Core/Src/main.c:315:5:main	8	static
../Core/Src/main.c:390:6:SystemClock_Config	88	static
../Core/Src/main.c:438:13:MX_ADC1_Init	24	static
../Core/Src/main.c:545:13:MX_I2C1_Init	8	static
../Core/Src/main.c:576:13:MX_TIM1_Init	80	static
../Core/Src/main.c:646:13:MX_TIM3_Init	48	static
../Core/Src/main.c:696:13:MX_USART3_UART_Init	8	static
../Core/Src/main.c:724:13:MX_DMA_Init	16	static
../Core/Src/main.c:742:13:MX_GPIO_Init	40	static
../Core/Src/main.c:814:6:HAL_ADC_ConvCpltCallback	16	static
../Core/Src/main.c:823:6:handle_motor_pid	32	static
../Core/Src/main.c:850:6:hand_control_function	56	static
../Core/Src/main.c:1026:6:system_health_function	16	static
../Core/Src/main.c:1046:6:HAL_TIM_PeriodElapsedCallback	16	static
../Core/Src/main.c:1063:6:Error_Handler	4	static,ignoring_inline_asm
