Archive member included to satisfy reference by file (symbol)

C:/ST/STM32CubeIDE_1.13.2/STM32CubeIDE/plugins/com.st.stm32cube.ide.mcu.externaltools.gnu-tools-for-stm32.11.3.rel1.win32_1.1.1.202309131626/tools/bin/../lib/gcc/arm-none-eabi/11.3.1/../../../../arm-none-eabi/lib/thumb/v7-m/nofp\libc_nano.a(libc_a-exit.o)
                              C:/ST/STM32CubeIDE_1.13.2/STM32CubeIDE/plugins/com.st.stm32cube.ide.mcu.externaltools.gnu-tools-for-stm32.11.3.rel1.win32_1.1.1.202309131626/tools/bin/../lib/gcc/arm-none-eabi/11.3.1/../../../../arm-none-eabi/lib/thumb/v7-m/nofp/crt0.o (exit)
C:/ST/STM32CubeIDE_1.13.2/STM32CubeIDE/plugins/com.st.stm32cube.ide.mcu.externaltools.gnu-tools-for-stm32.11.3.rel1.win32_1.1.1.202309131626/tools/bin/../lib/gcc/arm-none-eabi/11.3.1/../../../../arm-none-eabi/lib/thumb/v7-m/nofp\libc_nano.a(libc_a-findfp.o)
                              C:/ST/STM32CubeIDE_1.13.2/STM32CubeIDE/plugins/com.st.stm32cube.ide.mcu.externaltools.gnu-tools-for-stm32.11.3.rel1.win32_1.1.1.202309131626/tools/bin/../lib/gcc/arm-none-eabi/11.3.1/../../../../arm-none-eabi/lib/thumb/v7-m/nofp\libc_nano.a(libc_a-exit.o) (__stdio_exit_handler)
C:/ST/STM32CubeIDE_1.13.2/STM32CubeIDE/plugins/com.st.stm32cube.ide.mcu.externaltools.gnu-tools-for-stm32.11.3.rel1.win32_1.1.1.202309131626/tools/bin/../lib/gcc/arm-none-eabi/11.3.1/../../../../arm-none-eabi/lib/thumb/v7-m/nofp\libc_nano.a(libc_a-fwalk.o)
                              C:/ST/STM32CubeIDE_1.13.2/STM32CubeIDE/plugins/com.st.stm32cube.ide.mcu.externaltools.gnu-tools-for-stm32.11.3.rel1.win32_1.1.1.202309131626/tools/bin/../lib/gcc/arm-none-eabi/11.3.1/../../../../arm-none-eabi/lib/thumb/v7-m/nofp\libc_nano.a(libc_a-findfp.o) (_fwalk_sglue)
C:/ST/STM32CubeIDE_1.13.2/STM32CubeIDE/plugins/com.st.stm32cube.ide.mcu.externaltools.gnu-tools-for-stm32.11.3.rel1.win32_1.1.1.202309131626/tools/bin/../lib/gcc/arm-none-eabi/11.3.1/../../../../arm-none-eabi/lib/thumb/v7-m/nofp\libc_nano.a(libc_a-stdio.o)
                              C:/ST/STM32CubeIDE_1.13.2/STM32CubeIDE/plugins/com.st.stm32cube.ide.mcu.externaltools.gnu-tools-for-stm32.11.3.rel1.win32_1.1.1.202309131626/tools/bin/../lib/gcc/arm-none-eabi/11.3.1/../../../../arm-none-eabi/lib/thumb/v7-m/nofp\libc_nano.a(libc_a-findfp.o) (__sread)
C:/ST/STM32CubeIDE_1.13.2/STM32CubeIDE/plugins/com.st.stm32cube.ide.mcu.externaltools.gnu-tools-for-stm32.11.3.rel1.win32_1.1.1.202309131626/tools/bin/../lib/gcc/arm-none-eabi/11.3.1/../../../../arm-none-eabi/lib/thumb/v7-m/nofp\libc_nano.a(libc_a-memset.o)
                              C:/ST/STM32CubeIDE_1.13.2/STM32CubeIDE/plugins/com.st.stm32cube.ide.mcu.externaltools.gnu-tools-for-stm32.11.3.rel1.win32_1.1.1.202309131626/tools/bin/../lib/gcc/arm-none-eabi/11.3.1/../../../../arm-none-eabi/lib/thumb/v7-m/nofp/crt0.o (memset)
C:/ST/STM32CubeIDE_1.13.2/STM32CubeIDE/plugins/com.st.stm32cube.ide.mcu.externaltools.gnu-tools-for-stm32.11.3.rel1.win32_1.1.1.202309131626/tools/bin/../lib/gcc/arm-none-eabi/11.3.1/../../../../arm-none-eabi/lib/thumb/v7-m/nofp\libc_nano.a(libc_a-closer.o)
                              C:/ST/STM32CubeIDE_1.13.2/STM32CubeIDE/plugins/com.st.stm32cube.ide.mcu.externaltools.gnu-tools-for-stm32.11.3.rel1.win32_1.1.1.202309131626/tools/bin/../lib/gcc/arm-none-eabi/11.3.1/../../../../arm-none-eabi/lib/thumb/v7-m/nofp\libc_nano.a(libc_a-stdio.o) (_close_r)
C:/ST/STM32CubeIDE_1.13.2/STM32CubeIDE/plugins/com.st.stm32cube.ide.mcu.externaltools.gnu-tools-for-stm32.11.3.rel1.win32_1.1.1.202309131626/tools/bin/../lib/gcc/arm-none-eabi/11.3.1/../../../../arm-none-eabi/lib/thumb/v7-m/nofp\libc_nano.a(libc_a-reent.o)
                              C:/ST/STM32CubeIDE_1.13.2/STM32CubeIDE/plugins/com.st.stm32cube.ide.mcu.externaltools.gnu-tools-for-stm32.11.3.rel1.win32_1.1.1.202309131626/tools/bin/../lib/gcc/arm-none-eabi/11.3.1/../../../../arm-none-eabi/lib/thumb/v7-m/nofp\libc_nano.a(libc_a-closer.o) (errno)
C:/ST/STM32CubeIDE_1.13.2/STM32CubeIDE/plugins/com.st.stm32cube.ide.mcu.externaltools.gnu-tools-for-stm32.11.3.rel1.win32_1.1.1.202309131626/tools/bin/../lib/gcc/arm-none-eabi/11.3.1/../../../../arm-none-eabi/lib/thumb/v7-m/nofp\libc_nano.a(libc_a-impure.o)
                              C:/ST/STM32CubeIDE_1.13.2/STM32CubeIDE/plugins/com.st.stm32cube.ide.mcu.externaltools.gnu-tools-for-stm32.11.3.rel1.win32_1.1.1.202309131626/tools/bin/../lib/gcc/arm-none-eabi/11.3.1/../../../../arm-none-eabi/lib/thumb/v7-m/nofp\libc_nano.a(libc_a-reent.o) (_impure_ptr)
C:/ST/STM32CubeIDE_1.13.2/STM32CubeIDE/plugins/com.st.stm32cube.ide.mcu.externaltools.gnu-tools-for-stm32.11.3.rel1.win32_1.1.1.202309131626/tools/bin/../lib/gcc/arm-none-eabi/11.3.1/../../../../arm-none-eabi/lib/thumb/v7-m/nofp\libc_nano.a(libc_a-lseekr.o)
[...]
Memory Configuration

Name             Origin             Length             Attributes
RAM              0x0000000020000000 0x0000000000005000 xrw
FLASH            0x0000000008000000 0x0000000000020000 xr
*default*        0x0000000000000000 0xffffffffffffffff

Linker script and memory map

LOAD C:/ST/STM32CubeIDE_1.13.2/STM32CubeIDE/plugins/com.st.stm32cube.ide.mcu.externaltools.gnu-tools-for-stm32.11.3.rel1.win32_1.1.1.202309131626/tools/bin/../lib/gcc/arm-none-eabi/11.3.1/thumb/v7-m/nofp/crti.o
LOAD C:/ST/STM32CubeIDE_1.13.2/STM32CubeIDE/plugins/com.st.stm32cube.ide.mcu.externaltools.gnu-tools-for-stm32.11.3.rel1.win32_1.1.1.202309131626/tools/bin/../lib/gcc/arm-none-eabi/11.3.1/thumb/v7-m/nofp/crtbegin.o
LOAD C:/ST/STM32CubeIDE_1.13.2/STM32CubeIDE/plugins/com.st.stm32cube.ide.mcu.externaltools.gnu-tools-for-stm32.11.3.rel1.win32_1.1.1.202309131626/tools/bin/../lib/gcc/arm-none-eabi/11.3.1/../../../../arm-none-eabi/lib/thumb/v7-m/nofp/crt0.o
LOAD ./Core/Src/main.o
LOAD ./Core/Src/stm32f1xx_hal_msp.o
LOAD ./Core/Src/stm32f1xx_it.o
LOAD ./Core/Src/syscalls.o
LOAD ./Core/Src/sysmem.o
LOAD ./Core/Src/system_stm32f1xx.o
LOAD ./Core/Startup/startup_stm32f103rbtx.o
LOAD ./Drivers/STM32F1xx_HAL_Driver/Src/stm32f1xx_hal.o
LOAD ./Drivers/STM32F1xx_HAL_Driver/Src/stm32f1xx_hal_adc.o
LOAD ./Drivers/STM32F1xx_HAL_Driver/Src/stm32f1xx_hal_adc_ex.o
LOAD ./Drivers/STM32F1xx_HAL_Driver/Src/stm32f1xx_hal_cortex.o
LOAD ./Drivers/STM32F1xx_HAL_Driver/Src/stm32f1xx_hal_dma.o
LOAD ./Drivers/STM32F1xx_HAL_Driver/Src/stm32f1xx_hal_exti.o
LOAD ./Drivers/STM32F1xx_HAL_Driver/Src/stm32f1xx_hal_flash.o
LOAD ./Drivers/STM32F1xx_HAL_Driver/Src/stm32f1xx_hal_flash_ex.o
LOAD ./Drivers/STM32F1xx_HAL_Driver/Src/stm32f1xx_hal_gpio.o
LOAD ./Drivers/STM32F1xx_HAL_Driver/Src/stm32f1xx_hal_gpio_ex.o
LOAD ./Drivers/STM32F1xx_HAL_Driver/Src/stm32f1xx_hal_i2c.o
LOAD ./Drivers/STM32F1xx_HAL_Driver/Src/stm32f1xx_hal_pcd.o
LOAD ./Drivers/STM32F1xx_HAL_Driver/Src/stm32f1xx_hal_pcd_ex.o
LOAD ./Drivers/STM32F1xx_HAL_Driver/Src/stm32f1xx_hal_pwr.o
LOAD ./Drivers/STM32F1xx_HAL_Driver/Src/stm32f1xx_hal_rcc.o
LOAD ./Drivers/STM32F1xx_HAL_Driver/Src/stm32f1xx_hal_rcc_ex.o
LOAD ./Drivers/STM32F1xx_HAL_Driver/Src/stm32f1xx_hal_tim.o
LOAD ./Drivers/STM32F1xx_HAL_Driver/Src/stm32f1xx_hal_tim_ex.o
LOAD ./Drivers/STM32F1xx_HAL_Driver/Src/stm32f1xx_hal_uart.o
LOAD ./Drivers/STM32F1xx_HAL_Driver/Src/stm32f1xx_ll_usb.o
LOAD ./Middlewares/ST/STM32_USB_Device_Library/Class/CDC/Src/usbd_cdc.o
LOAD ./Middlewares/ST/STM32_USB_Device_Library/Core/Src/usbd_core.o
LOAD ./Middlewares/ST/STM32_USB_Device_Library/Core/Src/usbd_ctlreq.o
LOAD ./Middlewares/ST/STM32_USB_Device_Library/Core/Src/usbd_ioreq.o
LOAD ./USB_DEVICE/App/usb_device.o
LOAD ./USB_DEVICE/App/usbd_cdc_if.o
LOAD ./USB_DEVICE/App/usbd_desc.o
LOAD ./USB_DEVICE/Target/usbd_conf.o
START GROUP
LOAD C:/ST/STM32CubeIDE_1.13.2/STM32CubeIDE/plugins/com.st.stm32cube.ide.mcu.externaltools.gnu-tools-for-stm32.11.3.rel1.win32_1.1.1.202309131626/tools/bin/../lib/gcc/arm-none-eabi/11.3.1/../../../../arm-none-eabi/lib/thumb/v7-m/nofp\libc_nano.a
LOAD C:/ST/STM32CubeIDE_1.13.2/STM32CubeIDE/plugins/com.st.stm32cube.ide.mcu.externaltools.gnu-tools-for-stm32.11.3.rel1.win32_1.1.1.202309131626/tools/bin/../lib/gcc/arm-none-eabi/11.3.1/../../../../arm-none-eabi/lib/thumb/v7-m/nofp\libm.a
END GROUP
START GROUP
LOAD C:/ST/STM32CubeIDE_1.13.2/STM32CubeIDE/plugins/com.st.stm32cube.ide.mcu.externaltools.gnu-tools-for-stm32.11.3.rel1.win32_1.1.1.202309131626/tools/bin/../lib/gcc/arm-none-eabi/11.3.1/thumb/v7-m/nofp\libgcc.a
LOAD C:/ST/STM32CubeIDE_1.13.2/STM32CubeIDE/plugins/com.st.stm32cube.ide.mcu.externaltools.gnu-tools-for-stm32.11.3.rel1.win32_1.1.1.202309131626/tools/bin/../lib/gcc/arm-none-eabi/11.3.1/../../../../arm-none-eabi/lib/thumb/v7-m/nofp\libc_nano.a
END GROUP
START GROUP
LOAD C:/ST/STM32CubeIDE_1.13.2/STM32CubeIDE/plugins/com.st.stm32cube.ide.mcu.externaltools.gnu-tools-for-stm32.11.3.rel1.win32_1.1.1.202309131626/tools/bin/../lib/gcc/arm-none-eabi/11.3.1/thumb/v7-m/nofp\libgcc.a
LOAD C:/ST/STM32CubeIDE_1.13.2/STM32CubeIDE/plugins/com.st.stm32cube.ide.mcu.externaltools.gnu-tools-for-stm32.11.3.rel1.win32_1.1.1.202309131626/tools/bin/../lib/gcc/arm-none-eabi/11.3.1/../../../../arm-none-eabi/lib/thumb/v7-m/nofp\libc_nano.a
LOAD C:/ST/STM32CubeIDE_1.13.2/STM32CubeIDE/plugins/com.st.stm32cube.ide.mcu.externaltools.gnu-tools-for-stm32.11.3.rel1.win32_1.1.1.202309131626/tools/bin/../lib/gcc/arm-none-eabi/11.3.1/../../../../arm-none-eabi/lib/thumb/v7-m/nofp\libnosys.a
END GROUP
START GROUP
LOAD C:/ST/STM32CubeIDE_1.13.2/STM32CubeIDE/plugins/com.st.stm32cube.ide.mcu.externaltools.gnu-tools-for-stm32.11.3.rel1.win32_1.1.1.202309131626/tools/bin/../lib/gcc/arm-none-eabi/11.3.1/thumb/v7-m/nofp\libgcc.a
LOAD C:/ST/STM32CubeIDE_1.13.2/STM32CubeIDE/plugins/com.st.stm32cube.ide.mcu.externaltools.gnu-tools-for-stm32.11.3.rel1.win32_1.1.1.202309131626/tools/bin/../lib/gcc/arm-none-eabi/11.3.1/../../../../arm-none-eabi/lib/thumb/v7-m/nofp\libc_nano.a
LOAD C:/ST/STM32CubeIDE_1.13.2/STM32CubeIDE/plugins/com.st.stm32cube.ide.mcu.externaltools.gnu-tools-for-stm32.11.3.rel1.win32_1.1.1.202309131626/tools/bin/../lib/gcc/arm-none-eabi/11.3.1/../../../../arm-none-eabi/lib/thumb/v7-m/nofp\libnosys.a
END GROUP
LOAD C:/ST/STM32CubeIDE_1.13.2/STM32CubeIDE/plugins/com.st.stm32cube.ide.mcu.externaltools.gnu-tools-for-stm32.11.3.rel1.win32_1.1.1.202309131626/tools/bin/../lib/gcc/arm-none-eabi/11.3.1/thumb/v7-m/nofp/crtend.o
LOAD C:/ST/STM32CubeIDE_1.13.2/STM32CubeIDE/plugins/com.st.stm32cube.ide.mcu.externaltools.gnu-tools-for-stm32.11.3.rel1.win32_1.1.1.202309131626/tools/bin/../lib/gcc/arm-none-eabi/11.3.1/thumb/v7-m/nofp/crtn.o
                0x0000000020005000                _estack = (ORIGIN (RAM) + LENGTH (RAM))
                0x0000000000000200                _Min_Heap_Size = 0x200
                0x0000000000000400                _Min_Stack_Size = 0x400

.isr_vector     0x0000000008000000      0x10c
                0x0000000008000000                . = ALIGN (0x4)
 *(.isr_vector)
 .isr_vector    0x0000000008000000      0x10c ./Core/Startup/startup_stm32f103rbtx.o
                0x0000000008000000                g_pfnVectors
                0x000000000800010c                . = ALIGN (0x4)

.text           0x0000000008000110     0x9dcc
                0x0000000008000110                . = ALIGN (0x4)
 *(.text)
 .text          0x0000000008000110       0x40 C:/ST/STM32CubeIDE_1.13.2/STM32CubeIDE/plugins/com.st.stm32cube.ide.mcu.externaltools.gnu-tools-for-stm32.11.3.rel1.win32_1.1.1.202309131626/tools/bin/../lib/gcc/arm-none-eabi/11.3.1/thumb/v7-m/nofp/crtbegin.o
 .text          0x0000000008000150      0x378 C:/ST/STM32CubeIDE_1.13.2/STM32CubeIDE/plugins/com.st.stm32cube.ide.mcu.externaltools.gnu-tools-for-stm32.11.3.rel1.win32_1.1.1.202309131626/tools/bin/../lib/gcc/arm-none-eabi/11.3.1/thumb/v7-m/nofp\libgcc.a(_arm_addsubdf3.o)
                0x0000000008000150                __aeabi_drsub
                0x0000000008000158                __aeabi_dsub
                0x0000000008000158                __subdf3
                0x000000000800015c                __aeabi_dadd
                0x000000000800015c                __adddf3
                0x00000000080003d4                __floatunsidf
                0x00000000080003d4                __aeabi_ui2d
                0x00000000080003f4                __floatsidf
                0x00000000080003f4                __aeabi_i2d
                0x0000000008000418                __aeabi_f2d
                0x0000000008000418                __extendsfdf2
                0x000000000800045c                __floatundidf
                0x000000000800045c                __aeabi_ul2d
                0x000000000800046c                __floatdidf
                0x000000000800046c                __aeabi_l2d
 .text          0x00000000080004c8      0x424 C:/ST/STM32CubeIDE_1.13.2/STM32CubeIDE/plugins/com.st.stm32cube.ide.mcu.externaltools.gnu-tools-for-stm32.11.3.rel1.win32_1.1.1.202309131626/tools/bin/../lib/gcc/arm-none-eabi/11.3.1/thumb/v7-m/nofp\libgcc.a(_arm_muldivdf3.o)
                0x00000000080004c8                __aeabi_dmul
                0x00000000080004c8                __muldf3
                0x000000000800071c                __divdf3
                0x000000000800071c                __aeabi_ddiv
 .text          0x00000000080008ec       0x40 C:/ST/STM32CubeIDE_1.13.2/STM32CubeIDE/plugins/com.st.stm32cube.ide.mcu.externaltools.gnu-tools-for-stm32.11.3.rel1.win32_1.1.1.202309131626/tools/bin/../lib/gcc/arm-none-eabi/11.3.1/thumb/v7-m/nofp\libgcc.a(_arm_fixunsdfsi.o)
                0x00000000080008ec                __aeabi_d2uiz
                0x00000000080008ec                __fixunsdfsi
 *(.text*)
 *fill*         0x000000000800092c        0x4 
 .text.main     0x0000000008000930      0x240 ./Core/Src/main.o
                0x0000000008000930                main
 .text.SystemClock_Config
                0x0000000008000b70       0xbc ./Core/Src/main.o
                0x0000000008000b70                SystemClock_Config
 .text.MX_ADC1_Init
                0x0000000008000c2c       0x7c ./Core/Src/main.o
 .text.MX_ADC2_Init
                0x0000000008000ca8       0x7c ./Core/Src/main.o
 .text.MX_I2C1_Init
                0x0000000008000d24       0x5c ./Core/Src/main.o
 .text.MX_TIM1_Init
                0x0000000008000d80      0x134 ./Core/Src/main.o
 .text.MX_TIM3_Init
                0x0000000008000eb4       0xc8 ./Core/Src/main.o
 .text.MX_USART3_UART_Init
                0x0000000008000f7c       0x54 ./Core/Src/main.o
 .text.MX_GPIO_Init
                0x0000000008000fd0      0x15c ./Core/Src/main.o
 .text.Error_Handler
                0x000000000800112c        0xa ./Core/Src/main.o
                0x000000000800112c                Error_Handler
 *fill*         0x0000000008001136        0x2 
 .text.HAL_MspInit
                0x0000000008001138       0x64 ./Core/Src/stm32f1xx_hal_msp.o
                0x0000000008001138                HAL_MspInit
 .text.HAL_ADC_MspInit
                0x000000000800119c       0xd0 ./Core/Src/stm32f1xx_hal_msp.o
                0x000000000800119c                HAL_ADC_MspInit
 .text.HAL_I2C_MspInit
                0x000000000800126c       0xa0 ./Core/Src/stm32f1xx_hal_msp.o
                0x000000000800126c                HAL_I2C_MspInit
 .text.HAL_TIM_PWM_MspInit
                0x000000000800130c       0x64 ./Core/Src/stm32f1xx_hal_msp.o
                0x000000000800130c                HAL_TIM_PWM_MspInit
 .text.HAL_TIM_MspPostInit
                0x0000000008001370      0x10c ./Core/Src/stm32f1xx_hal_msp.o
                0x0000000008001370                HAL_TIM_MspPostInit
 .text.HAL_UART_MspInit
                0x000000000800147c       0xc0 ./Core/Src/stm32f1xx_hal_msp.o
                0x000000000800147c                HAL_UART_MspInit
 .text.NMI_Handler
                0x000000000800153c        0x6 ./Core/Src/stm32f1xx_it.o
                0x000000000800153c                NMI_Handler
 .text.HardFault_Handler
                0x0000000008001542        0x6 ./Core/Src/stm32f1xx_it.o
                0x0000000008001542                HardFault_Handler
 .text.MemManage_Handler
                0x0000000008001548        0x6 ./Core/Src/stm32f1xx_it.o
                0x0000000008001548                MemManage_Handler
 .text.BusFault_Handler
                0x000000000800154e        0x6 ./Core/Src/stm32f1xx_it.o
                0x000000000800154e                BusFault_Handler
 .text.UsageFault_Handler
                0x0000000008001554        0x6 ./Core/Src/stm32f1xx_it.o
                0x0000000008001554                UsageFault_Handler
 .text.SVC_Handler
                0x000000000800155a        0xc ./Core/Src/stm32f1xx_it.o
                0x000000000800155a                SVC_Handler
 .text.DebugMon_Handler
                0x0000000008001566        0xc ./Core/Src/stm32f1xx_it.o
                0x0000000008001566                DebugMon_Handler
 .text.PendSV_Handler
                0x0000000008001572        0xc ./Core/Src/stm32f1xx_it.o
                0x0000000008001572                PendSV_Handler
 .text.SysTick_Handler
                0x000000000800157e        0xc ./Core/Src/stm32f1xx_it.o
                0x000000000800157e                SysTick_Handler
 *fill*         0x000000000800158a        0x2 
 .text.USB_LP_CAN1_RX0_IRQHandler
                0x000000000800158c       0x14 ./Core/Src/stm32f1xx_it.o
                0x000000000800158c                USB_LP_CAN1_RX0_IRQHandler
 .text.SystemInit
                0x00000000080015a0        0xc ./Core/Src/system_stm32f1xx.o
                0x00000000080015a0                SystemInit
 .text.Reset_Handler
                0x00000000080015ac       0x48 ./Core/Startup/startup_stm32f103rbtx.o
                0x00000000080015ac                Reset_Handler
 .text.Default_Handler
                0x00000000080015f4        0x2 ./Core/Startup/startup_stm32f103rbtx.o
                0x00000000080015f4                RTC_Alarm_IRQHandler
                0x00000000080015f4                EXTI2_IRQHandler
                0x00000000080015f4                TIM1_CC_IRQHandler
                0x00000000080015f4                PVD_IRQHandler
                0x00000000080015f4                EXTI3_IRQHandler
                0x00000000080015f4                EXTI0_IRQHandler
                0x00000000080015f4                I2C2_EV_IRQHandler
                0x00000000080015f4                ADC1_2_IRQHandler
                0x00000000080015f4                SPI1_IRQHandler
                0x00000000080015f4                TAMPER_IRQHandler
                0x00000000080015f4                DMA1_Channel4_IRQHandler
                0x00000000080015f4                USART3_IRQHandler
                0x00000000080015f4                RTC_IRQHandler
                0x00000000080015f4                DMA1_Channel7_IRQHandler
                0x00000000080015f4                CAN1_RX1_IRQHandler
                0x00000000080015f4                TIM4_IRQHandler
                0x00000000080015f4                I2C1_EV_IRQHandler
                0x00000000080015f4                DMA1_Channel6_IRQHandler
                0x00000000080015f4                TIM3_IRQHandler
                0x00000000080015f4                RCC_IRQHandler
                0x00000000080015f4                TIM1_TRG_COM_IRQHandler
                0x00000000080015f4                DMA1_Channel1_IRQHandler
                0x00000000080015f4                Default_Handler
                0x00000000080015f4                EXTI15_10_IRQHandler
                0x00000000080015f4                EXTI9_5_IRQHandler
                0x00000000080015f4                SPI2_IRQHandler
                0x00000000080015f4                DMA1_Channel5_IRQHandler
                0x00000000080015f4                EXTI4_IRQHandler
                0x00000000080015f4                USB_HP_CAN1_TX_IRQHandler
                0x00000000080015f4                DMA1_Channel3_IRQHandler
                0x00000000080015f4                TIM1_UP_IRQHandler
                0x00000000080015f4                WWDG_IRQHandler
                0x00000000080015f4                TIM2_IRQHandler
                0x00000000080015f4                TIM1_BRK_IRQHandler
                0x00000000080015f4                EXTI1_IRQHandler
                0x00000000080015f4                USART2_IRQHandler
                0x00000000080015f4                I2C2_ER_IRQHandler
                0x00000000080015f4                DMA1_Channel2_IRQHandler
                0x00000000080015f4                CAN1_SCE_IRQHandler
                0x00000000080015f4                FLASH_IRQHandler
                0x00000000080015f4                USART1_IRQHandler
                0x00000000080015f4                I2C1_ER_IRQHandler
                0x00000000080015f4                USBWakeUp_IRQHandler
 *fill*         0x00000000080015f6        0x2 
 .text.HAL_Init
                0x00000000080015f8       0x2c ./Drivers/STM32F1xx_HAL_Driver/Src/stm32f1xx_hal.o
                0x00000000080015f8                HAL_Init
 .text.HAL_InitTick
                0x0000000008001624       0x60 ./Drivers/STM32F1xx_HAL_Driver/Src/stm32f1xx_hal.o
                0x0000000008001624                HAL_InitTick
 .text.HAL_IncTick
                0x0000000008001684       0x24 ./Drivers/STM32F1xx_HAL_Driver/Src/stm32f1xx_hal.o
                0x0000000008001684                HAL_IncTick
 .text.HAL_GetTick
                0x00000000080016a8       0x14 ./Drivers/STM32F1xx_HAL_Driver/Src/stm32f1xx_hal.o
                0x00000000080016a8                HAL_GetTick
 .text.HAL_ADC_Init
                0x00000000080016bc      0x1b0 ./Drivers/STM32F1xx_HAL_Driver/Src/stm32f1xx_hal_adc.o
                0x00000000080016bc                HAL_ADC_Init
 .text.HAL_ADC_Start
                0x000000000800186c      0x15c ./Drivers/STM32F1xx_HAL_Driver/Src/stm32f1xx_hal_adc.o
                0x000000000800186c                HAL_ADC_Start
 .text.HAL_ADC_PollForConversion
                0x00000000080019c8      0x20c ./Drivers/STM32F1xx_HAL_Driver/Src/stm32f1xx_hal_adc.o
                0x00000000080019c8                HAL_ADC_PollForConversion
 .text.HAL_ADC_GetValue
                0x0000000008001bd4       0x18 ./Drivers/STM32F1xx_HAL_Driver/Src/stm32f1xx_hal_adc.o
                0x0000000008001bd4                HAL_ADC_GetValue
 .text.HAL_ADC_ConfigChannel
                0x0000000008001bec      0x1f0 ./Drivers/STM32F1xx_HAL_Driver/Src/stm32f1xx_hal_adc.o
                0x0000000008001bec                HAL_ADC_ConfigChannel
 .text.ADC_Enable
                0x0000000008001ddc       0xb4 ./Drivers/STM32F1xx_HAL_Driver/Src/stm32f1xx_hal_adc.o
                0x0000000008001ddc                ADC_Enable
 .text.ADC_ConversionStop_Disable
                0x0000000008001e90       0x82 ./Drivers/STM32F1xx_HAL_Driver/Src/stm32f1xx_hal_adc.o
                0x0000000008001e90                ADC_ConversionStop_Disable
 *fill*         0x0000000008001f12        0x2 
 .text.__NVIC_SetPriorityGrouping
                0x0000000008001f14       0x48 ./Drivers/STM32F1xx_HAL_Driver/Src/stm32f1xx_hal_cortex.o
 .text.__NVIC_GetPriorityGrouping
                0x0000000008001f5c       0x1c ./Drivers/STM32F1xx_HAL_Driver/Src/stm32f1xx_hal_cortex.o
 .text.__NVIC_EnableIRQ
                0x0000000008001f78       0x38 ./Drivers/STM32F1xx_HAL_Driver/Src/stm32f1xx_hal_cortex.o
 .text.__NVIC_SetPriority
                0x0000000008001fb0       0x54 ./Drivers/STM32F1xx_HAL_Driver/Src/stm32f1xx_hal_cortex.o
 .text.NVIC_EncodePriority
                0x0000000008002004       0x64 ./Drivers/STM32F1xx_HAL_Driver/Src/stm32f1xx_hal_cortex.o
 .text.SysTick_Config
                0x0000000008002068       0x44 ./Drivers/STM32F1xx_HAL_Driver/Src/stm32f1xx_hal_cortex.o
 .text.HAL_NVIC_SetPriorityGrouping
                0x00000000080020ac       0x16 ./Drivers/STM32F1xx_HAL_Driver/Src/stm32f1xx_hal_cortex.o
                0x00000000080020ac                HAL_NVIC_SetPriorityGrouping
 .text.HAL_NVIC_SetPriority
                0x00000000080020c2       0x38 ./Drivers/STM32F1xx_HAL_Driver/Src/stm32f1xx_hal_cortex.o
                0x00000000080020c2                HAL_NVIC_SetPriority
 .text.HAL_NVIC_EnableIRQ
                0x00000000080020fa       0x1c ./Drivers/STM32F1xx_HAL_Driver/Src/stm32f1xx_hal_cortex.o
                0x00000000080020fa                HAL_NVIC_EnableIRQ
 .text.HAL_SYSTICK_Config
                0x0000000008002116       0x18 ./Drivers/STM32F1xx_HAL_Driver/Src/stm32f1xx_hal_cortex.o
                0x0000000008002116                HAL_SYSTICK_Config
 *fill*         0x000000000800212e        0x2 
 .text.HAL_GPIO_Init
                0x0000000008002130      0x308 ./Drivers/STM32F1xx_HAL_Driver/Src/stm32f1xx_hal_gpio.o
                0x0000000008002130                HAL_GPIO_Init
 .text.HAL_GPIO_ReadPin
                0x0000000008002438       0x2e ./Drivers/STM32F1xx_HAL_Driver/Src/stm32f1xx_hal_gpio.o
                0x0000000008002438                HAL_GPIO_ReadPin
 .text.HAL_GPIO_WritePin
                0x0000000008002466       0x30 ./Drivers/STM32F1xx_HAL_Driver/Src/stm32f1xx_hal_gpio.o
                0x0000000008002466                HAL_GPIO_WritePin
 .text.HAL_GPIO_TogglePin
                0x0000000008002496       0x32 ./Drivers/STM32F1xx_HAL_Driver/Src/stm32f1xx_hal_gpio.o
                0x0000000008002496                HAL_GPIO_TogglePin
 .text.HAL_I2C_Init
                0x00000000080024c8      0x288 ./Drivers/STM32F1xx_HAL_Driver/Src/stm32f1xx_hal_i2c.o
                0x00000000080024c8                HAL_I2C_Init
 .text.HAL_PCD_Init
                0x0000000008002750      0x1fe ./Drivers/STM32F1xx_HAL_Driver/Src/stm32f1xx_hal_pcd.o
                0x0000000008002750                HAL_PCD_Init
 .text.HAL_PCD_Start
                0x000000000800294e       0x4c ./Drivers/STM32F1xx_HAL_Driver/Src/stm32f1xx_hal_pcd.o
                0x000000000800294e                HAL_PCD_Start
 .text.HAL_PCD_IRQHandler
                0x000000000800299a      0x260 ./Drivers/STM32F1xx_HAL_Driver/Src/stm32f1xx_hal_pcd.o
                0x000000000800299a                HAL_PCD_IRQHandler
 .text.HAL_PCD_SetAddress
                0x0000000008002bfa       0x4a ./Drivers/STM32F1xx_HAL_Driver/Src/stm32f1xx_hal_pcd.o
                0x0000000008002bfa                HAL_PCD_SetAddress
 .text.HAL_PCD_EP_Open
                0x0000000008002c44       0xba ./Drivers/STM32F1xx_HAL_Driver/Src/stm32f1xx_hal_pcd.o
                0x0000000008002c44                HAL_PCD_EP_Open
 .text.HAL_PCD_EP_Close
                0x0000000008002cfe       0x90 ./Drivers/STM32F1xx_HAL_Driver/Src/stm32f1xx_hal_pcd.o
                0x0000000008002cfe                HAL_PCD_EP_Close
 .text.HAL_PCD_EP_Receive
                0x0000000008002d8e       0x62 ./Drivers/STM32F1xx_HAL_Driver/Src/stm32f1xx_hal_pcd.o
                0x0000000008002d8e                HAL_PCD_EP_Receive
 .text.HAL_PCD_EP_GetRxCount
                0x0000000008002df0       0x2e ./Drivers/STM32F1xx_HAL_Driver/Src/stm32f1xx_hal_pcd.o
                0x0000000008002df0                HAL_PCD_EP_GetRxCount
 .text.HAL_PCD_EP_Transmit
                0x0000000008002e1e       0x6e ./Drivers/STM32F1xx_HAL_Driver/Src/stm32f1xx_hal_pcd.o
                0x0000000008002e1e                HAL_PCD_EP_Transmit
 .text.HAL_PCD_EP_SetStall
                0x0000000008002e8c       0xc0 ./Drivers/STM32F1xx_HAL_Driver/Src/stm32f1xx_hal_pcd.o
                0x0000000008002e8c                HAL_PCD_EP_SetStall
 .text.HAL_PCD_EP_ClrStall
                0x0000000008002f4c       0xa8 ./Drivers/STM32F1xx_HAL_Driver/Src/stm32f1xx_hal_pcd.o
                0x0000000008002f4c                HAL_PCD_EP_ClrStall
 .text.PCD_EP_ISR_Handler
                0x0000000008002ff4      0x7a6 ./Drivers/STM32F1xx_HAL_Driver/Src/stm32f1xx_hal_pcd.o
 .text.HAL_PCD_EP_DB_Receive
                0x000000000800379a      0x21a ./Drivers/STM32F1xx_HAL_Driver/Src/stm32f1xx_hal_pcd.o
 .text.HAL_PCD_EP_DB_Transmit
                0x00000000080039b4      0x7f4 ./Drivers/STM32F1xx_HAL_Driver/Src/stm32f1xx_hal_pcd.o
 .text.HAL_PCDEx_PMAConfig
                0x00000000080041a8       0x84 ./Drivers/STM32F1xx_HAL_Driver/Src/stm32f1xx_hal_pcd_ex.o
                0x00000000080041a8                HAL_PCDEx_PMAConfig
 .text.HAL_RCC_OscConfig
                0x000000000800422c      0x504 ./Drivers/STM32F1xx_HAL_Driver/Src/stm32f1xx_hal_rcc.o
                0x000000000800422c                HAL_RCC_OscConfig
 .text.HAL_RCC_ClockConfig
                0x0000000008004730      0x1d4 ./Drivers/STM32F1xx_HAL_Driver/Src/stm32f1xx_hal_rcc.o
                0x0000000008004730                HAL_RCC_ClockConfig
 .text.HAL_RCC_GetSysClockFreq
                0x0000000008004904       0xac ./Drivers/STM32F1xx_HAL_Driver/Src/stm32f1xx_hal_rcc.o
                0x0000000008004904                HAL_RCC_GetSysClockFreq
 .text.HAL_RCC_GetHCLKFreq
                0x00000000080049b0       0x14 ./Drivers/STM32F1xx_HAL_Driver/Src/stm32f1xx_hal_rcc.o
                0x00000000080049b0                HAL_RCC_GetHCLKFreq
 .text.HAL_RCC_GetPCLK1Freq
                0x00000000080049c4       0x28 ./Drivers/STM32F1xx_HAL_Driver/Src/stm32f1xx_hal_rcc.o
                0x00000000080049c4                HAL_RCC_GetPCLK1Freq
 .text.HAL_RCC_GetPCLK2Freq
                0x00000000080049ec       0x28 ./Drivers/STM32F1xx_HAL_Driver/Src/stm32f1xx_hal_rcc.o
                0x00000000080049ec                HAL_RCC_GetPCLK2Freq
 .text.RCC_Delay
                0x0000000008004a14       0x3c ./Drivers/STM32F1xx_HAL_Driver/Src/stm32f1xx_hal_rcc.o
 .text.HAL_RCCEx_PeriphCLKConfig
                0x0000000008004a50      0x16c ./Drivers/STM32F1xx_HAL_Driver/Src/stm32f1xx_hal_rcc_ex.o
                0x0000000008004a50                HAL_RCCEx_PeriphCLKConfig
 .text.HAL_RCCEx_GetPeriphCLKFreq
                0x0000000008004bbc      0x16c ./Drivers/STM32F1xx_HAL_Driver/Src/stm32f1xx_hal_rcc_ex.o
                0x0000000008004bbc                HAL_RCCEx_GetPeriphCLKFreq
 .text.HAL_TIM_PWM_Init
                0x0000000008004d28       0x9e ./Drivers/STM32F1xx_HAL_Driver/Src/stm32f1xx_hal_tim.o
                0x0000000008004d28                HAL_TIM_PWM_Init
 *fill*         0x0000000008004dc6        0x2 
 .text.HAL_TIM_PWM_Start
                0x0000000008004dc8      0x144 ./Drivers/STM32F1xx_HAL_Driver/Src/stm32f1xx_hal_tim.o
                0x0000000008004dc8                HAL_TIM_PWM_Start
 .text.HAL_TIM_PWM_ConfigChannel
                0x0000000008004f0c      0x184 ./Drivers/STM32F1xx_HAL_Driver/Src/stm32f1xx_hal_tim.o
                0x0000000008004f0c                HAL_TIM_PWM_ConfigChannel
 .text.TIM_Base_SetConfig
                0x0000000008005090       0xc4 ./Drivers/STM32F1xx_HAL_Driver/Src/stm32f1xx_hal_tim.o
                0x0000000008005090                TIM_Base_SetConfig
 .text.TIM_OC1_SetConfig
                0x0000000008005154       0xcc ./Drivers/STM32F1xx_HAL_Driver/Src/stm32f1xx_hal_tim.o
 .text.TIM_OC2_SetConfig
                0x0000000008005220       0xd4 ./Drivers/STM32F1xx_HAL_Driver/Src/stm32f1xx_hal_tim.o
                0x0000000008005220                TIM_OC2_SetConfig
 .text.TIM_OC3_SetConfig
                0x00000000080052f4       0xd4 ./Drivers/STM32F1xx_HAL_Driver/Src/stm32f1xx_hal_tim.o
 .text.TIM_OC4_SetConfig
                0x00000000080053c8       0x9c ./Drivers/STM32F1xx_HAL_Driver/Src/stm32f1xx_hal_tim.o
 .text.TIM_CCxChannelCmd
                0x0000000008005464       0x48 ./Drivers/STM32F1xx_HAL_Driver/Src/stm32f1xx_hal_tim.o
                0x0000000008005464                TIM_CCxChannelCmd
 .text.HAL_TIMEx_MasterConfigSynchronization
                0x00000000080054ac       0xbc ./Drivers/STM32F1xx_HAL_Driver/Src/stm32f1xx_hal_tim_ex.o
                0x00000000080054ac                HAL_TIMEx_MasterConfigSynchronization
 .text.HAL_TIMEx_ConfigBreakDeadTime
                0x0000000008005568       0xa2 ./Drivers/STM32F1xx_HAL_Driver/Src/stm32f1xx_hal_tim_ex.o
                0x0000000008005568                HAL_TIMEx_ConfigBreakDeadTime
 .text.HAL_UART_Init
                0x000000000800560a       0xa0 ./Drivers/STM32F1xx_HAL_Driver/Src/stm32f1xx_hal_uart.o
                0x000000000800560a                HAL_UART_Init
 *fill*         0x00000000080056aa        0x2 
 .text.UART_SetConfig
                0x00000000080056ac      0x11c ./Drivers/STM32F1xx_HAL_Driver/Src/stm32f1xx_hal_uart.o
 .text.USB_CoreInit
                0x00000000080057c8       0x20 ./Drivers/STM32F1xx_HAL_Driver/Src/stm32f1xx_ll_usb.o
                0x00000000080057c8                USB_CoreInit
 .text.USB_EnableGlobalInt
                0x00000000080057e8       0x2c ./Drivers/STM32F1xx_HAL_Driver/Src/stm32f1xx_ll_usb.o
                0x00000000080057e8                USB_EnableGlobalInt
 .text.USB_DisableGlobalInt
                0x0000000008005814       0x34 ./Drivers/STM32F1xx_HAL_Driver/Src/stm32f1xx_ll_usb.o
                0x0000000008005814                USB_DisableGlobalInt
 .text.USB_SetCurrentMode
                0x0000000008005848       0x18 ./Drivers/STM32F1xx_HAL_Driver/Src/stm32f1xx_ll_usb.o
                0x0000000008005848                USB_SetCurrentMode
 .text.USB_DevInit
                0x0000000008005860       0x40 ./Drivers/STM32F1xx_HAL_Driver/Src/stm32f1xx_ll_usb.o
                0x0000000008005860                USB_DevInit
 .text.USB_ActivateEndpoint
                0x00000000080058a0      0x780 ./Drivers/STM32F1xx_HAL_Driver/Src/stm32f1xx_ll_usb.o
                0x00000000080058a0                USB_ActivateEndpoint
 .text.USB_DeactivateEndpoint
                0x0000000008006020      0x3d8 ./Drivers/STM32F1xx_HAL_Driver/Src/stm32f1xx_ll_usb.o
                0x0000000008006020                USB_DeactivateEndpoint
 .text.USB_EPStartXfer
                0x00000000080063f8     0x1762 ./Drivers/STM32F1xx_HAL_Driver/Src/stm32f1xx_ll_usb.o
                0x00000000080063f8                USB_EPStartXfer
 .text.USB_EPSetStall
                0x0000000008007b5a       0xa0 ./Drivers/STM32F1xx_HAL_Driver/Src/stm32f1xx_ll_usb.o
                0x0000000008007b5a                USB_EPSetStall
 .text.USB_EPClearStall
                0x0000000008007bfa      0x15a ./Drivers/STM32F1xx_HAL_Driver/Src/stm32f1xx_ll_usb.o
                0x0000000008007bfa                USB_EPClearStall
 .text.USB_SetDevAddress
                0x0000000008007d54       0x26 ./Drivers/STM32F1xx_HAL_Driver/Src/stm32f1xx_ll_usb.o
                0x0000000008007d54                USB_SetDevAddress
 .text.USB_DevConnect
                0x0000000008007d7a       0x14 ./Drivers/STM32F1xx_HAL_Driver/Src/stm32f1xx_ll_usb.o
                0x0000000008007d7a                USB_DevConnect
 .text.USB_DevDisconnect
                0x0000000008007d8e       0x14 ./Drivers/STM32F1xx_HAL_Driver/Src/stm32f1xx_ll_usb.o
                0x0000000008007d8e                USB_DevDisconnect
 .text.USB_ReadInterrupts
                0x0000000008007da2       0x1e ./Drivers/STM32F1xx_HAL_Driver/Src/stm32f1xx_ll_usb.o
                0x0000000008007da2                USB_ReadInterrupts
 .text.USB_EP0_OutStart
                0x0000000008007dc0       0x16 ./Drivers/STM32F1xx_HAL_Driver/Src/stm32f1xx_ll_usb.o
                0x0000000008007dc0                USB_EP0_OutStart
 .text.USB_WritePMA
                0x0000000008007dd6       0x8a ./Drivers/STM32F1xx_HAL_Driver/Src/stm32f1xx_ll_usb.o
                0x0000000008007dd6                USB_WritePMA
 .text.USB_ReadPMA
                0x0000000008007e60       0x9e ./Drivers/STM32F1xx_HAL_Driver/Src/stm32f1xx_ll_usb.o
                0x0000000008007e60                USB_ReadPMA
 .text.USBD_CDC_Init
                0x0000000008007efe       0xf4 ./Middlewares/ST/STM32_USB_Device_Library/Class/CDC/Src/usbd_cdc.o
 .text.USBD_CDC_DeInit
                0x0000000008007ff2       0x6e ./Middlewares/ST/STM32_USB_Device_Library/Class/CDC/Src/usbd_cdc.o
 .text.USBD_CDC_Setup
                0x0000000008008060      0x146 ./Middlewares/ST/STM32_USB_Device_Library/Class/CDC/Src/usbd_cdc.o
 .text.USBD_CDC_DataIn
                0x00000000080081a6       0xa6 ./Middlewares/ST/STM32_USB_Device_Library/Class/CDC/Src/usbd_cdc.o
 .text.USBD_CDC_DataOut
                0x000000000800824c       0x56 ./Middlewares/ST/STM32_USB_Device_Library/Class/CDC/Src/usbd_cdc.o
 .text.USBD_CDC_EP0_RxReady
                0x00000000080082a2       0x50 ./Middlewares/ST/STM32_USB_Device_Library/Class/CDC/Src/usbd_cdc.o
 *fill*         0x00000000080082f2        0x2 
 .text.USBD_CDC_GetFSCfgDesc
                0x00000000080082f4       0x20 ./Middlewares/ST/STM32_USB_Device_Library/Class/CDC/Src/usbd_cdc.o
 .text.USBD_CDC_GetHSCfgDesc
                0x0000000008008314       0x20 ./Middlewares/ST/STM32_USB_Device_Library/Class/CDC/Src/usbd_cdc.o
 .text.USBD_CDC_GetOtherSpeedCfgDesc
                0x0000000008008334       0x20 ./Middlewares/ST/STM32_USB_Device_Library/Class/CDC/Src/usbd_cdc.o
 .text.USBD_CDC_GetDeviceQualifierDescriptor
                0x0000000008008354       0x20 ./Middlewares/ST/STM32_USB_Device_Library/Class/CDC/Src/usbd_cdc.o
                0x0000000008008354                USBD_CDC_GetDeviceQualifierDescriptor
 .text.USBD_CDC_RegisterInterface
                0x0000000008008374       0x2c ./Middlewares/ST/STM32_USB_Device_Library/Class/CDC/Src/usbd_cdc.o
                0x0000000008008374                USBD_CDC_RegisterInterface
 .text.USBD_CDC_SetTxBuffer
                0x00000000080083a0       0x32 ./Middlewares/ST/STM32_USB_Device_Library/Class/CDC/Src/usbd_cdc.o
                0x00000000080083a0                USBD_CDC_SetTxBuffer
 .text.USBD_CDC_SetRxBuffer
                0x00000000080083d2       0x26 ./Middlewares/ST/STM32_USB_Device_Library/Class/CDC/Src/usbd_cdc.o
                0x00000000080083d2                USBD_CDC_SetRxBuffer
 .text.USBD_CDC_ReceivePacket
                0x00000000080083f8       0x54 ./Middlewares/ST/STM32_USB_Device_Library/Class/CDC/Src/usbd_cdc.o
                0x00000000080083f8                USBD_CDC_ReceivePacket
 .text.USBD_Init
                0x000000000800844c       0x56 ./Middlewares/ST/STM32_USB_Device_Library/Core/Src/usbd_core.o
                0x000000000800844c                USBD_Init
 .text.USBD_RegisterClass
                0x00000000080084a2       0x32 ./Middlewares/ST/STM32_USB_Device_Library/Core/Src/usbd_core.o
                0x00000000080084a2                USBD_RegisterClass
 .text.USBD_Start
                0x00000000080084d4       0x18 ./Middlewares/ST/STM32_USB_Device_Library/Core/Src/usbd_core.o
                0x00000000080084d4                USBD_Start
 .text.USBD_RunTestMode
                0x00000000080084ec       0x14 ./Middlewares/ST/STM32_USB_Device_Library/Core/Src/usbd_core.o
                0x00000000080084ec                USBD_RunTestMode
 .text.USBD_SetClassConfig
                0x0000000008008500       0x3e ./Middlewares/ST/STM32_USB_Device_Library/Core/Src/usbd_core.o
                0x0000000008008500                USBD_SetClassConfig
 .text.USBD_ClrClassConfig
                0x000000000800853e       0x26 ./Middlewares/ST/STM32_USB_Device_Library/Core/Src/usbd_core.o
                0x000000000800853e                USBD_ClrClassConfig
 .text.USBD_LL_SetupStage
                0x0000000008008564       0x9a ./Middlewares/ST/STM32_USB_Device_Library/Core/Src/usbd_core.o
                0x0000000008008564                USBD_LL_SetupStage
 .text.USBD_LL_DataOutStage
                0x00000000080085fe       0xe2 ./Middlewares/ST/STM32_USB_Device_Library/Core/Src/usbd_core.o
                0x00000000080085fe                USBD_LL_DataOutStage
 .text.USBD_LL_DataInStage
                0x00000000080086e0      0x14a ./Middlewares/ST/STM32_USB_Device_Library/Core/Src/usbd_core.o
                0x00000000080086e0                USBD_LL_DataInStage
 .text.USBD_LL_Reset
                0x000000000800882a       0x82 ./Middlewares/ST/STM32_USB_Device_Library/Core/Src/usbd_core.o
                0x000000000800882a                USBD_LL_Reset
 .text.USBD_LL_SetSpeed
                0x00000000080088ac       0x1e ./Middlewares/ST/STM32_USB_Device_Library/Core/Src/usbd_core.o
                0x00000000080088ac                USBD_LL_SetSpeed
 .text.USBD_LL_Suspend
                0x00000000080088ca       0x28 ./Middlewares/ST/STM32_USB_Device_Library/Core/Src/usbd_core.o
                0x00000000080088ca                USBD_LL_Suspend
 .text.USBD_LL_Resume
                0x00000000080088f2       0x2a ./Middlewares/ST/STM32_USB_Device_Library/Core/Src/usbd_core.o
                0x00000000080088f2                USBD_LL_Resume
 .text.USBD_LL_SOF
                0x000000000800891c       0x34 ./Middlewares/ST/STM32_USB_Device_Library/Core/Src/usbd_core.o
                0x000000000800891c                USBD_LL_SOF
 .text.USBD_StdDevReq
                0x0000000008008950       0xd4 ./Middlewares/ST/STM32_USB_Device_Library/Core/Src/usbd_ctlreq.o
                0x0000000008008950                USBD_StdDevReq
 .text.USBD_StdItfReq
                0x0000000008008a24       0x90 ./Middlewares/ST/STM32_USB_Device_Library/Core/Src/usbd_ctlreq.o
                0x0000000008008a24                USBD_StdItfReq
 .text.USBD_StdEPReq
                0x0000000008008ab4      0x2c6 ./Middlewares/ST/STM32_USB_Device_Library/Core/Src/usbd_ctlreq.o
                0x0000000008008ab4                USBD_StdEPReq
 *fill*         0x0000000008008d7a        0x2 
 .text.USBD_GetDescriptor
                0x0000000008008d7c      0x2d0 ./Middlewares/ST/STM32_USB_Device_Library/Core/Src/usbd_ctlreq.o
 .text.USBD_SetAddress
                0x000000000800904c       0x86 ./Middlewares/ST/STM32_USB_Device_Library/Core/Src/usbd_ctlreq.o
 *fill*         0x00000000080090d2        0x2 
 .text.USBD_SetConfig
                0x00000000080090d4      0x11c ./Middlewares/ST/STM32_USB_Device_Library/Core/Src/usbd_ctlreq.o
 .text.USBD_GetConfig
                0x00000000080091f0       0x6a ./Middlewares/ST/STM32_USB_Device_Library/Core/Src/usbd_ctlreq.o
 .text.USBD_GetStatus
                0x000000000800925a       0x66 ./Middlewares/ST/STM32_USB_Device_Library/Core/Src/usbd_ctlreq.o
 .text.USBD_SetFeature
                0x00000000080092c0       0x28 ./Middlewares/ST/STM32_USB_Device_Library/Core/Src/usbd_ctlreq.o
 .text.USBD_ClrFeature
                0x00000000080092e8       0x42 ./Middlewares/ST/STM32_USB_Device_Library/Core/Src/usbd_ctlreq.o
 .text.USBD_ParseSetupRequest
                0x000000000800932a       0x78 ./Middlewares/ST/STM32_USB_Device_Library/Core/Src/usbd_ctlreq.o
                0x000000000800932a                USBD_ParseSetupRequest
 .text.USBD_CtlError
                0x00000000080093a2       0x22 ./Middlewares/ST/STM32_USB_Device_Library/Core/Src/usbd_ctlreq.o
                0x00000000080093a2                USBD_CtlError
 .text.USBD_GetString
                0x00000000080093c4       0x84 ./Middlewares/ST/STM32_USB_Device_Library/Core/Src/usbd_ctlreq.o
                0x00000000080093c4                USBD_GetString
 .text.USBD_GetLen
                0x0000000008009448       0x2e ./Middlewares/ST/STM32_USB_Device_Library/Core/Src/usbd_ctlreq.o
 .text.USBD_CtlSendData
                0x0000000008009476       0x38 ./Middlewares/ST/STM32_USB_Device_Library/Core/Src/usbd_ioreq.o
                0x0000000008009476                USBD_CtlSendData
 .text.USBD_CtlContinueSendData
                0x00000000080094ae       0x24 ./Middlewares/ST/STM32_USB_Device_Library/Core/Src/usbd_ioreq.o
                0x00000000080094ae                USBD_CtlContinueSendData
 .text.USBD_CtlPrepareRx
                0x00000000080094d2       0x3c ./Middlewares/ST/STM32_USB_Device_Library/Core/Src/usbd_ioreq.o
                0x00000000080094d2                USBD_CtlPrepareRx
 .text.USBD_CtlContinueRx
                0x000000000800950e       0x24 ./Middlewares/ST/STM32_USB_Device_Library/Core/Src/usbd_ioreq.o
                0x000000000800950e                USBD_CtlContinueRx
 .text.USBD_CtlSendStatus
                0x0000000008009532       0x26 ./Middlewares/ST/STM32_USB_Device_Library/Core/Src/usbd_ioreq.o
                0x0000000008009532                USBD_CtlSendStatus
 .text.USBD_CtlReceiveStatus
                0x0000000008009558       0x26 ./Middlewares/ST/STM32_USB_Device_Library/Core/Src/usbd_ioreq.o
                0x0000000008009558                USBD_CtlReceiveStatus
 *fill*         0x000000000800957e        0x2 
 .text.MX_USB_DEVICE_Init
                0x0000000008009580       0x60 ./USB_DEVICE/App/usb_device.o
                0x0000000008009580                MX_USB_DEVICE_Init
 .text.CDC_Init_FS
                0x00000000080095e0       0x28 ./USB_DEVICE/App/usbd_cdc_if.o
 .text.CDC_DeInit_FS
                0x0000000008009608        0xe ./USB_DEVICE/App/usbd_cdc_if.o
 *fill*         0x0000000008009616        0x2 
 .text.CDC_Control_FS
                0x0000000008009618       0xbc ./USB_DEVICE/App/usbd_cdc_if.o
 .text.CDC_Receive_FS
                0x00000000080096d4       0x28 ./USB_DEVICE/App/usbd_cdc_if.o
 .text.USBD_FS_DeviceDescriptor
                0x00000000080096fc       0x24 ./USB_DEVICE/App/usbd_desc.o
                0x00000000080096fc                USBD_FS_DeviceDescriptor
 .text.USBD_FS_LangIDStrDescriptor
                0x0000000008009720       0x24 ./USB_DEVICE/App/usbd_desc.o
                0x0000000008009720                USBD_FS_LangIDStrDescriptor
 .text.USBD_FS_ProductStrDescriptor
                0x0000000008009744       0x3c ./USB_DEVICE/App/usbd_desc.o
                0x0000000008009744                USBD_FS_ProductStrDescriptor
 .text.USBD_FS_ManufacturerStrDescriptor
                0x0000000008009780       0x28 ./USB_DEVICE/App/usbd_desc.o
                0x0000000008009780                USBD_FS_ManufacturerStrDescriptor
 .text.USBD_FS_SerialStrDescriptor
                0x00000000080097a8       0x24 ./USB_DEVICE/App/usbd_desc.o
                0x00000000080097a8                USBD_FS_SerialStrDescriptor
 .text.USBD_FS_ConfigStrDescriptor
                0x00000000080097cc       0x3c ./USB_DEVICE/App/usbd_desc.o
                0x00000000080097cc                USBD_FS_ConfigStrDescriptor
 .text.USBD_FS_InterfaceStrDescriptor
                0x0000000008009808       0x3c ./USB_DEVICE/App/usbd_desc.o
                0x0000000008009808                USBD_FS_InterfaceStrDescriptor
 .text.Get_SerialNum
                0x0000000008009844       0x58 ./USB_DEVICE/App/usbd_desc.o
 .text.IntToUnicode
                0x000000000800989c       0x7c ./USB_DEVICE/App/usbd_desc.o
 .text.HAL_PCD_MspInit
                0x0000000008009918       0x4c ./USB_DEVICE/Target/usbd_conf.o
                0x0000000008009918                HAL_PCD_MspInit
 .text.HAL_PCD_SetupStageCallback
                0x0000000008009964       0x24 ./USB_DEVICE/Target/usbd_conf.o
                0x0000000008009964                HAL_PCD_SetupStageCallback
 .text.HAL_PCD_DataOutStageCallback
                0x0000000008009988       0x36 ./USB_DEVICE/Target/usbd_conf.o
                0x0000000008009988                HAL_PCD_DataOutStageCallback
 .text.HAL_PCD_DataInStageCallback
                0x00000000080099be       0x34 ./USB_DEVICE/Target/usbd_conf.o
                0x00000000080099be                HAL_PCD_DataInStageCallback
 .text.HAL_PCD_SOFCallback
                0x00000000080099f2       0x1c ./USB_DEVICE/Target/usbd_conf.o
                0x00000000080099f2                HAL_PCD_SOFCallback
 .text.HAL_PCD_ResetCallback
                0x0000000008009a0e       0x3c ./USB_DEVICE/Target/usbd_conf.o
                0x0000000008009a0e                HAL_PCD_ResetCallback
 *fill*         0x0000000008009a4a        0x2 
 .text.HAL_PCD_SuspendCallback
                0x0000000008009a4c       0x34 ./USB_DEVICE/Target/usbd_conf.o
                0x0000000008009a4c                HAL_PCD_SuspendCallback
 .text.HAL_PCD_ResumeCallback
                0x0000000008009a80       0x1c ./USB_DEVICE/Target/usbd_conf.o
                0x0000000008009a80                HAL_PCD_ResumeCallback
 .text.USBD_LL_Init
                0x0000000008009a9c       0xb4 ./USB_DEVICE/Target/usbd_conf.o
                0x0000000008009a9c                USBD_LL_Init
 .text.USBD_LL_Start
                0x0000000008009b50       0x36 ./USB_DEVICE/Target/usbd_conf.o
                0x0000000008009b50                USBD_LL_Start
 .text.USBD_LL_OpenEP
                0x0000000008009b86       0x4c ./USB_DEVICE/Target/usbd_conf.o
                0x0000000008009b86                USBD_LL_OpenEP
 .text.USBD_LL_CloseEP
                0x0000000008009bd2       0x3e ./USB_DEVICE/Target/usbd_conf.o
                0x0000000008009bd2                USBD_LL_CloseEP
 .text.USBD_LL_StallEP
                0x0000000008009c10       0x3e ./USB_DEVICE/Target/usbd_conf.o
                0x0000000008009c10                USBD_LL_StallEP
 .text.USBD_LL_ClearStallEP
                0x0000000008009c4e       0x3e ./USB_DEVICE/Target/usbd_conf.o
                0x0000000008009c4e                USBD_LL_ClearStallEP
 .text.USBD_LL_IsStallEP
                0x0000000008009c8c       0x58 ./USB_DEVICE/Target/usbd_conf.o
                0x0000000008009c8c                USBD_LL_IsStallEP
 .text.USBD_LL_SetUSBAddress
                0x0000000008009ce4       0x3e ./USB_DEVICE/Target/usbd_conf.o
                0x0000000008009ce4                USBD_LL_SetUSBAddress
 .text.USBD_LL_Transmit
                0x0000000008009d22       0x46 ./USB_DEVICE/Target/usbd_conf.o
                0x0000000008009d22                USBD_LL_Transmit
 .text.USBD_LL_PrepareReceive
                0x0000000008009d68       0x46 ./USB_DEVICE/Target/usbd_conf.o
                0x0000000008009d68                USBD_LL_PrepareReceive
 .text.USBD_LL_GetRxDataSize
                0x0000000008009dae       0x26 ./USB_DEVICE/Target/usbd_conf.o
                0x0000000008009dae                USBD_LL_GetRxDataSize
 .text.USBD_static_malloc
                0x0000000008009dd4       0x18 ./USB_DEVICE/Target/usbd_conf.o
                0x0000000008009dd4                USBD_static_malloc
 .text.USBD_static_free
                0x0000000008009dec       0x12 ./USB_DEVICE/Target/usbd_conf.o
                0x0000000008009dec                USBD_static_free
 .text.HAL_PCDEx_SetConnectionState
                0x0000000008009dfe       0x16 ./USB_DEVICE/Target/usbd_conf.o
                0x0000000008009dfe                HAL_PCDEx_SetConnectionState
 .text.USBD_Get_USB_Status
                0x0000000008009e14       0x58 ./USB_DEVICE/Target/usbd_conf.o
 .text.memset   0x0000000008009e6c       0x10 C:/ST/STM32CubeIDE_1.13.2/STM32CubeIDE/plugins/com.st.stm32cube.ide.mcu.externaltools.gnu-tools-for-stm32.11.3.rel1.win32_1.1.1.202309131626/tools/bin/../lib/gcc/arm-none-eabi/11.3.1/../../../../arm-none-eabi/lib/thumb/v7-m/nofp\libc_nano.a(libc_a-memset.o)
                0x0000000008009e6c                memset
 .text.__libc_init_array
                0x0000000008009e7c       0x48 C:/ST/STM32CubeIDE_1.13.2/STM32CubeIDE/plugins/com.st.stm32cube.ide.mcu.externaltools.gnu-tools-for-stm32.11.3.rel1.win32_1.1.1.202309131626/tools/bin/../lib/gcc/arm-none-eabi/11.3.1/../../../../arm-none-eabi/lib/thumb/v7-m/nofp\libc_nano.a(libc_a-init.o)
                0x0000000008009e7c                __libc_init_array
 *(.glue_7)
 .glue_7        0x0000000008009ec4        0x0 linker stubs
 *(.glue_7t)
 .glue_7t       0x0000000008009ec4        0x0 linker stubs
 *(.eh_frame)
 .eh_frame      0x0000000008009ec4        0x0 C:/ST/STM32CubeIDE_1.13.2/STM32CubeIDE/plugins/com.st.stm32cube.ide.mcu.externaltools.gnu-tools-for-stm32.11.3.rel1.win32_1.1.1.202309131626/tools/bin/../lib/gcc/arm-none-eabi/11.3.1/thumb/v7-m/nofp/crtbegin.o
 *(.init)
 .init          0x0000000008009ec4        0x4 C:/ST/STM32CubeIDE_1.13.2/STM32CubeIDE/plugins/com.st.stm32cube.ide.mcu.externaltools.gnu-tools-for-stm32.11.3.rel1.win32_1.1.1.202309131626/tools/bin/../lib/gcc/arm-none-eabi/11.3.1/thumb/v7-m/nofp/crti.o
                0x0000000008009ec4                _init
 .init          0x0000000008009ec8        0x8 C:/ST/STM32CubeIDE_1.13.2/STM32CubeIDE/plugins/com.st.stm32cube.ide.mcu.externaltools.gnu-tools-for-stm32.11.3.rel1.win32_1.1.1.202309131626/tools/bin/../lib/gcc/arm-none-eabi/11.3.1/thumb/v7-m/nofp/crtn.o
 *(.fini)
 .fini          0x0000000008009ed0        0x4 C:/ST/STM32CubeIDE_1.13.2/STM32CubeIDE/plugins/com.st.stm32cube.ide.mcu.externaltools.gnu-tools-for-stm32.11.3.rel1.win32_1.1.1.202309131626/tools/bin/../lib/gcc/arm-none-eabi/11.3.1/thumb/v7-m/nofp/crti.o
                0x0000000008009ed0                _fini
 .fini          0x0000000008009ed4        0x8 C:/ST/STM32CubeIDE_1.13.2/STM32CubeIDE/plugins/com.st.stm32cube.ide.mcu.externaltools.gnu-tools-for-stm32.11.3.rel1.win32_1.1.1.202309131626/tools/bin/../lib/gcc/arm-none-eabi/11.3.1/thumb/v7-m/nofp/crtn.o
                0x0000000008009edc                . = ALIGN (0x4)
                0x0000000008009edc                _etext = .

.vfp11_veneer   0x0000000008009edc        0x0
 .vfp11_veneer  0x0000000008009edc        0x0 linker stubs

.v4_bx          0x0000000008009edc        0x0
 .v4_bx         0x0000000008009edc        0x0 linker stubs

.iplt           0x0000000008009edc        0x0
 .iplt          0x0000000008009edc        0x0 C:/ST/STM32CubeIDE_1.13.2/STM32CubeIDE/plugins/com.st.stm32cube.ide.mcu.externaltools.gnu-tools-for-stm32.11.3.rel1.win32_1.1.1.202309131626/tools/bin/../lib/gcc/arm-none-eabi/11.3.1/thumb/v7-m/nofp/crtbegin.o

.rodata         0x0000000008009edc       0x88
                0x0000000008009edc                . = ALIGN (0x4)
 *(.rodata)
 .rodata        0x0000000008009edc       0x46 ./USB_DEVICE/App/usbd_desc.o
 *(.rodata*)
 *fill*         0x0000000008009f22        0x2 
 .rodata.AHBPrescTable
                0x0000000008009f24       0x10 ./Core/Src/system_stm32f1xx.o
                0x0000000008009f24                AHBPrescTable
 .rodata.APBPrescTable
                0x0000000008009f34        0x8 ./Core/Src/system_stm32f1xx.o
                0x0000000008009f34                APBPrescTable
 .rodata.aPLLMULFactorTable.1
                0x0000000008009f3c       0x10 ./Drivers/STM32F1xx_HAL_Driver/Src/stm32f1xx_hal_rcc.o
 .rodata.aPredivFactorTable.0
                0x0000000008009f4c        0x2 ./Drivers/STM32F1xx_HAL_Driver/Src/stm32f1xx_hal_rcc.o
 *fill*         0x0000000008009f4e        0x2 
 .rodata.aPLLMULFactorTable.1
                0x0000000008009f50       0x10 ./Drivers/STM32F1xx_HAL_Driver/Src/stm32f1xx_hal_rcc_ex.o
 .rodata.aPredivFactorTable.0
                0x0000000008009f60        0x2 ./Drivers/STM32F1xx_HAL_Driver/Src/stm32f1xx_hal_rcc_ex.o
                0x0000000008009f64                . = ALIGN (0x4)
 *fill*         0x0000000008009f62        0x2 

.rel.dyn        0x0000000008009f64        0x0
 .rel.iplt      0x0000000008009f64        0x0 C:/ST/STM32CubeIDE_1.13.2/STM32CubeIDE/plugins/com.st.stm32cube.ide.mcu.externaltools.gnu-tools-for-stm32.11.3.rel1.win32_1.1.1.202309131626/tools/bin/../lib/gcc/arm-none-eabi/11.3.1/thumb/v7-m/nofp/crtbegin.o

.ARM.extab      0x0000000008009f64        0x0
                0x0000000008009f64                . = ALIGN (0x4)
 *(.ARM.extab* .gnu.linkonce.armextab.*)
                0x0000000008009f64                . = ALIGN (0x4)

.ARM            0x0000000008009f64        0x0
                0x0000000008009f64                . = ALIGN (0x4)
                0x0000000008009f64                __exidx_start = .
 *(.ARM.exidx*)
                0x0000000008009f64                __exidx_end = .
                0x0000000008009f64                . = ALIGN (0x4)

.preinit_array  0x0000000008009f64        0x0
                0x0000000008009f64                . = ALIGN (0x4)
                0x0000000008009f64                PROVIDE (__preinit_array_start = .)
 *(.preinit_array*)
                0x0000000008009f64                PROVIDE (__preinit_array_end = .)
                0x0000000008009f64                . = ALIGN (0x4)

.init_array     0x0000000008009f64        0x4
                0x0000000008009f64                . = ALIGN (0x4)
                0x0000000008009f64                PROVIDE (__init_array_start = .)
 *(SORT_BY_NAME(.init_array.*))
 *(.init_array*)
 .init_array    0x0000000008009f64        0x4 C:/ST/STM32CubeIDE_1.13.2/STM32CubeIDE/plugins/com.st.stm32cube.ide.mcu.externaltools.gnu-tools-for-stm32.11.3.rel1.win32_1.1.1.202309131626/tools/bin/../lib/gcc/arm-none-eabi/11.3.1/thumb/v7-m/nofp/crtbegin.o
                0x0000000008009f68                PROVIDE (__init_array_end = .)
                0x0000000008009f68                . = ALIGN (0x4)

.fini_array     0x0000000008009f68        0x4
                0x0000000008009f68                . = ALIGN (0x4)
                [!provide]                        PROVIDE (__fini_array_start = .)
 *(SORT_BY_NAME(.fini_array.*))
 *(.fini_array*)
 .fini_array    0x0000000008009f68        0x4 C:/ST/STM32CubeIDE_1.13.2/STM32CubeIDE/plugins/com.st.stm32cube.ide.mcu.externaltools.gnu-tools-for-stm32.11.3.rel1.win32_1.1.1.202309131626/tools/bin/../lib/gcc/arm-none-eabi/11.3.1/thumb/v7-m/nofp/crtbegin.o
                [!provide]                        PROVIDE (__fini_array_end = .)
                0x0000000008009f6c                . = ALIGN (0x4)
                0x0000000008009f6c                _sidata = LOADADDR (.data)

.data           0x0000000020000000      0x17c load address 0x0000000008009f6c
                0x0000000020000000                . = ALIGN (0x4)
                0x0000000020000000                _sdata = .
 *(.data)
 *(.data*)
 .data.SystemCoreClock
                0x0000000020000000        0x4 ./Core/Src/system_stm32f1xx.o
                0x0000000020000000                SystemCoreClock
 .data.uwTickPrio
                0x0000000020000004        0x4 ./Drivers/STM32F1xx_HAL_Driver/Src/stm32f1xx_hal.o
                0x0000000020000004                uwTickPrio
 .data.uwTickFreq
                0x0000000020000008        0x1 ./Drivers/STM32F1xx_HAL_Driver/Src/stm32f1xx_hal.o
                0x0000000020000008                uwTickFreq
 *fill*         0x0000000020000009        0x3 
 .data.USBD_CDC_DeviceQualifierDesc
                0x000000002000000c        0xa ./Middlewares/ST/STM32_USB_Device_Library/Class/CDC/Src/usbd_cdc.o
 *fill*         0x0000000020000016        0x2 
 .data.USBD_CDC
                0x0000000020000018       0x38 ./Middlewares/ST/STM32_USB_Device_Library/Class/CDC/Src/usbd_cdc.o
                0x0000000020000018                USBD_CDC
 .data.USBD_CDC_CfgHSDesc
                0x0000000020000050       0x43 ./Middlewares/ST/STM32_USB_Device_Library/Class/CDC/Src/usbd_cdc.o
                0x0000000020000050                USBD_CDC_CfgHSDesc
 *fill*         0x0000000020000093        0x1 
 .data.USBD_CDC_CfgFSDesc
                0x0000000020000094       0x43 ./Middlewares/ST/STM32_USB_Device_Library/Class/CDC/Src/usbd_cdc.o
                0x0000000020000094                USBD_CDC_CfgFSDesc
 *fill*         0x00000000200000d7        0x1 
 .data.USBD_CDC_OtherSpeedCfgDesc
                0x00000000200000d8       0x43 ./Middlewares/ST/STM32_USB_Device_Library/Class/CDC/Src/usbd_cdc.o
                0x00000000200000d8                USBD_CDC_OtherSpeedCfgDesc
 *fill*         0x000000002000011b        0x1 
 .data.USBD_Interface_fops_FS
                0x000000002000011c       0x10 ./USB_DEVICE/App/usbd_cdc_if.o
                0x000000002000011c                USBD_Interface_fops_FS
 .data.FS_Desc  0x000000002000012c       0x1c ./USB_DEVICE/App/usbd_desc.o
                0x000000002000012c                FS_Desc
 .data.USBD_FS_DeviceDesc
                0x0000000020000148       0x12 ./USB_DEVICE/App/usbd_desc.o
                0x0000000020000148                USBD_FS_DeviceDesc
 *fill*         0x000000002000015a        0x2 
 .data.USBD_LangIDDesc
                0x000000002000015c        0x4 ./USB_DEVICE/App/usbd_desc.o
                0x000000002000015c                USBD_LangIDDesc
 .data.USBD_StringSerial
                0x0000000020000160       0x1a ./USB_DEVICE/App/usbd_desc.o
                0x0000000020000160                USBD_StringSerial
 *(.RamFunc)
 *(.RamFunc*)
                0x000000002000017c                . = ALIGN (0x4)
 *fill*         0x000000002000017a        0x2 
                0x000000002000017c                _edata = .

.igot.plt       0x000000002000017c        0x0 load address 0x000000000800a0e8
 .igot.plt      0x000000002000017c        0x0 C:/ST/STM32CubeIDE_1.13.2/STM32CubeIDE/plugins/com.st.stm32cube.ide.mcu.externaltools.gnu-tools-for-stm32.11.3.rel1.win32_1.1.1.202309131626/tools/bin/../lib/gcc/arm-none-eabi/11.3.1/thumb/v7-m/nofp/crtbegin.o
                0x000000002000017c                . = ALIGN (0x4)

.bss            0x000000002000017c     0x1384 load address 0x000000000800a0e8
                0x000000002000017c                _sbss = .
                0x000000002000017c                __bss_start__ = _sbss
 *(.bss)
 .bss           0x000000002000017c       0x1c C:/ST/STM32CubeIDE_1.13.2/STM32CubeIDE/plugins/com.st.stm32cube.ide.mcu.externaltools.gnu-tools-for-stm32.11.3.rel1.win32_1.1.1.202309131626/tools/bin/../lib/gcc/arm-none-eabi/11.3.1/thumb/v7-m/nofp/crtbegin.o
 *(.bss*)
 .bss.hadc1     0x0000000020000198       0x30 ./Core/Src/main.o
                0x0000000020000198                hadc1
 .bss.hadc2     0x00000000200001c8       0x30 ./Core/Src/main.o
                0x00000000200001c8                hadc2
 .bss.hi2c1     0x00000000200001f8       0x54 ./Core/Src/main.o
                0x00000000200001f8                hi2c1
 .bss.htim1     0x000000002000024c       0x48 ./Core/Src/main.o
                0x000000002000024c                htim1
 .bss.htim3     0x0000000020000294       0x48 ./Core/Src/main.o
                0x0000000020000294                htim3
 .bss.huart3    0x00000000200002dc       0x48 ./Core/Src/main.o
                0x00000000200002dc                huart3
 .bss.uwTick    0x0000000020000324        0x4 ./Drivers/STM32F1xx_HAL_Driver/Src/stm32f1xx_hal.o
                0x0000000020000324                uwTick
 .bss.cfgidx.0  0x0000000020000328        0x1 ./Middlewares/ST/STM32_USB_Device_Library/Core/Src/usbd_ctlreq.o
 *fill*         0x0000000020000329        0x3 
 .bss.hUsbDeviceFS
                0x000000002000032c      0x2c4 ./USB_DEVICE/App/usb_device.o
                0x000000002000032c                hUsbDeviceFS
 .bss.UserRxBufferFS
                0x00000000200005f0      0x400 ./USB_DEVICE/App/usbd_cdc_if.o
                0x00000000200005f0                UserRxBufferFS
 .bss.UserTxBufferFS
                0x00000000200009f0      0x400 ./USB_DEVICE/App/usbd_cdc_if.o
                0x00000000200009f0                UserTxBufferFS
 .bss.USBD_StrDesc
                0x0000000020000df0      0x200 ./USB_DEVICE/App/usbd_desc.o
                0x0000000020000df0                USBD_StrDesc
 .bss.hpcd_USB_FS
                0x0000000020000ff0      0x2f0 ./USB_DEVICE/Target/usbd_conf.o
                0x0000000020000ff0                hpcd_USB_FS
 .bss.mem.0     0x00000000200012e0      0x220 ./USB_DEVICE/Target/usbd_conf.o
 *(COMMON)
                0x0000000020001500                . = ALIGN (0x4)
                0x0000000020001500                _ebss = .
                0x0000000020001500                __bss_end__ = _ebss

._user_heap_stack
                0x0000000020001500      0x600 load address 0x000000000800a0e8
                0x0000000020001500                . = ALIGN (0x8)
                [!provide]                        PROVIDE (end = .)
                0x0000000020001500                PROVIDE (_end = .)
                0x0000000020001700                . = (. + _Min_Heap_Size)
 *fill*         0x0000000020001500      0x200 
                0x0000000020001b00                . = (. + _Min_Stack_Size)
 *fill*         0x0000000020001700      0x400 
                0x0000000020001b00                . = ALIGN (0x8)

/DISCARD/
 libc.a(*)
 libm.a(*)
 libgcc.a(*)

.ARM.attributes
                0x0000000000000000       0x29
 *(.ARM.attributes)
 .ARM.attributes
                0x0000000000000000       0x1d C:/ST/STM32CubeIDE_1.13.2/STM32CubeIDE/plugins/com.st.stm32cube.ide.mcu.externaltools.gnu-tools-for-stm32.11.3.rel1.win32_1.1.1.202309131626/tools/bin/../lib/gcc/arm-none-eabi/11.3.1/thumb/v7-m/nofp/crti.o
 .ARM.attributes
                0x000000000000001d       0x2d C:/ST/STM32CubeIDE_1.13.2/STM32CubeIDE/plugins/com.st.stm32cube.ide.mcu.externaltools.gnu-tools-for-stm32.11.3.rel1.win32_1.1.1.202309131626/tools/bin/../lib/gcc/arm-none-eabi/11.3.1/thumb/v7-m/nofp/crtbegin.o
 .ARM.attributes
                0x000000000000004a       0x2d ./Core/Src/main.o
 .ARM.attributes
                0x0000000000000077       0x2d ./Core/Src/stm32f1xx_hal_msp.o
 .ARM.attributes
                0x00000000000000a4       0x2d ./Core/Src/stm32f1xx_it.o
 .ARM.attributes
                0x00000000000000d1       0x2d ./Core/Src/system_stm32f1xx.o
 .ARM.attributes
                0x00000000000000fe       0x21 ./Core/Startup/startup_stm32f103rbtx.o
 .ARM.attributes
                0x000000000000011f       0x2d ./Drivers/STM32F1xx_HAL_Driver/Src/stm32f1xx_hal.o
 .ARM.attributes
                0x000000000000014c       0x2d ./Drivers/STM32F1xx_HAL_Driver/Src/stm32f1xx_hal_adc.o
 .ARM.attributes
                0x0000000000000179       0x2d ./Drivers/STM32F1xx_HAL_Driver/Src/stm32f1xx_hal_cortex.o
 .ARM.attributes
                0x00000000000001a6       0x2d ./Drivers/STM32F1xx_HAL_Driver/Src/stm32f1xx_hal_gpio.o
 .ARM.attributes
                0x00000000000001d3       0x2d ./Drivers/STM32F1xx_HAL_Driver/Src/stm32f1xx_hal_i2c.o
 .ARM.attributes
                0x0000000000000200       0x2d ./Drivers/STM32F1xx_HAL_Driver/Src/stm32f1xx_hal_pcd.o
 .ARM.attributes
                0x000000000000022d       0x2d ./Drivers/STM32F1xx_HAL_Driver/Src/stm32f1xx_hal_pcd_ex.o
 .ARM.attributes
                0x000000000000025a       0x2d ./Drivers/STM32F1xx_HAL_Driver/Src/stm32f1xx_hal_rcc.o
 .ARM.attributes
                0x0000000000000287       0x2d ./Drivers/STM32F1xx_HAL_Driver/Src/stm32f1xx_hal_rcc_ex.o
 .ARM.attributes
                0x00000000000002b4       0x2d ./Drivers/STM32F1xx_HAL_Driver/Src/stm32f1xx_hal_tim.o
 .ARM.attributes
                0x00000000000002e1       0x2d ./Drivers/STM32F1xx_HAL_Driver/Src/stm32f1xx_hal_tim_ex.o
 .ARM.attributes
                0x000000000000030e       0x2d ./Drivers/STM32F1xx_HAL_Driver/Src/stm32f1xx_hal_uart.o
 .ARM.attributes
                0x000000000000033b       0x2d ./Drivers/STM32F1xx_HAL_Driver/Src/stm32f1xx_ll_usb.o
 .ARM.attributes
                0x0000000000000368       0x2d ./Middlewares/ST/STM32_USB_Device_Library/Class/CDC/Src/usbd_cdc.o
 .ARM.attributes
                0x0000000000000395       0x2d ./Middlewares/ST/STM32_USB_Device_Library/Core/Src/usbd_core.o
 .ARM.attributes
                0x00000000000003c2       0x2d ./Middlewares/ST/STM32_USB_Device_Library/Core/Src/usbd_ctlreq.o
 .ARM.attributes
                0x00000000000003ef       0x2d ./Middlewares/ST/STM32_USB_Device_Library/Core/Src/usbd_ioreq.o
 .ARM.attributes
                0x000000000000041c       0x2d ./USB_DEVICE/App/usb_device.o
 .ARM.attributes
                0x0000000000000449       0x2d ./USB_DEVICE/App/usbd_cdc_if.o
 .ARM.attributes
                0x0000000000000476       0x2d ./USB_DEVICE/App/usbd_desc.o
 .ARM.attributes
                0x00000000000004a3       0x2d ./USB_DEVICE/Target/usbd_conf.o
 .ARM.attributes
                0x00000000000004d0       0x2d C:/ST/STM32CubeIDE_1.13.2/STM32CubeIDE/plugins/com.st.stm32cube.ide.mcu.externaltools.gnu-tools-for-stm32.11.3.rel1.win32_1.1.1.202309131626/tools/bin/../lib/gcc/arm-none-eabi/11.3.1/../../../../arm-none-eabi/lib/thumb/v7-m/nofp\libc_nano.a(libc_a-memset.o)
 .ARM.attributes
                0x00000000000004fd       0x2d C:/ST/STM32CubeIDE_1.13.2/STM32CubeIDE/plugins/com.st.stm32cube.ide.mcu.externaltools.gnu-tools-for-stm32.11.3.rel1.win32_1.1.1.202309131626/tools/bin/../lib/gcc/arm-none-eabi/11.3.1/../../../../arm-none-eabi/lib/thumb/v7-m/nofp\libc_nano.a(libc_a-init.o)
 .ARM.attributes
                0x000000000000052a       0x1d C:/ST/STM32CubeIDE_1.13.2/STM32CubeIDE/plugins/com.st.stm32cube.ide.mcu.externaltools.gnu-tools-for-stm32.11.3.rel1.win32_1.1.1.202309131626/tools/bin/../lib/gcc/arm-none-eabi/11.3.1/thumb/v7-m/nofp\libgcc.a(_arm_addsubdf3.o)
 .ARM.attributes
                0x0000000000000547       0x1d C:/ST/STM32CubeIDE_1.13.2/STM32CubeIDE/plugins/com.st.stm32cube.ide.mcu.externaltools.gnu-tools-for-stm32.11.3.rel1.win32_1.1.1.202309131626/tools/bin/../lib/gcc/arm-none-eabi/11.3.1/thumb/v7-m/nofp\libgcc.a(_arm_muldivdf3.o)
 .ARM.attributes
                0x0000000000000564       0x1d C:/ST/STM32CubeIDE_1.13.2/STM32CubeIDE/plugins/com.st.stm32cube.ide.mcu.externaltools.gnu-tools-for-stm32.11.3.rel1.win32_1.1.1.202309131626/tools/bin/../lib/gcc/arm-none-eabi/11.3.1/thumb/v7-m/nofp\libgcc.a(_arm_fixunsdfsi.o)
 .ARM.attributes
                0x0000000000000581       0x1d C:/ST/STM32CubeIDE_1.13.2/STM32CubeIDE/plugins/com.st.stm32cube.ide.mcu.externaltools.gnu-tools-for-stm32.11.3.rel1.win32_1.1.1.202309131626/tools/bin/../lib/gcc/arm-none-eabi/11.3.1/thumb/v7-m/nofp/crtn.o
OUTPUT(OpenHandFirmwareRBT6.elf elf32-littlearm)
LOAD linker stubs
LOAD C:/ST/STM32CubeIDE_1.13.2/STM32CubeIDE/plugins/com.st.stm32cube.ide.mcu.externaltools.gnu-tools-for-stm32.11.3.rel1.win32_1.1.1.202309131626/tools/bin/../lib/gcc/arm-none-eabi/11.3.1/../../../../arm-none-eabi/lib/thumb/v7-m/nofp\libc.a
LOAD C:/ST/STM32CubeIDE_1.13.2/STM32CubeIDE/plugins/com.st.stm32cube.ide.mcu.externaltools.gnu-tools-for-stm32.11.3.rel1.win32_1.1.1.202309131626/tools/bin/../lib/gcc/arm-none-eabi/11.3.1/../../../../arm-none-eabi/lib/thumb/v7-m/nofp\libm.a
LOAD C:/ST/STM32CubeIDE_1.13.2/STM32CubeIDE/plugins/com.st.stm32cube.ide.mcu.externaltools.gnu-tools-for-stm32.11.3.rel1.win32_1.1.1.202309131626/tools/bin/../lib/gcc/arm-none-eabi/11.3.1/thumb/v7-m/nofp\libgcc.a

.comment        0x0000000000000000       0x43
 .comment       0x0000000000000000       0x43 C:/ST/STM32CubeIDE_1.13.2/STM32CubeIDE/plugins/com.st.stm32cube.ide.mcu.externaltools.gnu-tools-for-stm32.11.3.rel1.win32_1.1.1.202309131626/tools/bin/../lib/gcc/arm-none-eabi/11.3.1/thumb/v7-m/nofp/crtbegin.o
                                         0x44 (size before relaxing)
 .comment       0x0000000000000043       0x44 ./Core/Src/main.o
 .comment       0x0000000000000043       0x44 ./Core/Src/stm32f1xx_hal_msp.o
 .comment       0x0000000000000043       0x44 ./Core/Src/stm32f1xx_it.o
 .comment       0x0000000000000043       0x44 ./Core/Src/system_stm32f1xx.o
 .comment       0x0000000000000043       0x44 ./Drivers/STM32F1xx_HAL_Driver/Src/stm32f1xx_hal.o
 .comment       0x0000000000000043       0x44 ./Drivers/STM32F1xx_HAL_Driver/Src/stm32f1xx_hal_adc.o
 .comment       0x0000000000000043       0x44 ./Drivers/STM32F1xx_HAL_Driver/Src/stm32f1xx_hal_cortex.o
 .comment       0x0000000000000043       0x44 ./Drivers/STM32F1xx_HAL_Driver/Src/stm32f1xx_hal_gpio.o
 .comment       0x0000000000000043       0x44 ./Drivers/STM32F1xx_HAL_Driver/Src/stm32f1xx_hal_i2c.o
 .comment       0x0000000000000043       0x44 ./Drivers/STM32F1xx_HAL_Driver/Src/stm32f1xx_hal_pcd.o
 .comment       0x0000000000000043       0x44 ./Drivers/STM32F1xx_HAL_Driver/Src/stm32f1xx_hal_pcd_ex.o
 .comment       0x0000000000000043       0x44 ./Drivers/STM32F1xx_HAL_Driver/Src/stm32f1xx_hal_rcc.o
 .comment       0x0000000000000043       0x44 ./Drivers/STM32F1xx_HAL_Driver/Src/stm32f1xx_hal_rcc_ex.o
 .comment       0x0000000000000043       0x44 ./Drivers/STM32F1xx_HAL_Driver/Src/stm32f1xx_hal_tim.o
 .comment       0x0000000000000043       0x44 ./Drivers/STM32F1xx_HAL_Driver/Src/stm32f1xx_hal_tim_ex.o
 .comment       0x0000000000000043       0x44 ./Drivers/STM32F1xx_HAL_Driver/Src/stm32f1xx_hal_uart.o
 .comment       0x0000000000000043       0x44 ./Drivers/STM32F1xx_HAL_Driver/Src/stm32f1xx_ll_usb.o
 .comment       0x0000000000000043       0x44 ./Middlewares/ST/STM32_USB_Device_Library/Class/CDC/Src/usbd_cdc.o
 .comment       0x0000000000000043       0x44 ./Middlewares/ST/STM32_USB_Device_Library/Core/Src/usbd_core.o
 .comment       0x0000000000000043       0x44 ./Middlewares/ST/STM32_USB_Device_Library/Core/Src/usbd_ctlreq.o
 .comment       0x0000000000000043       0x44 ./Middlewares/ST/STM32_USB_Device_Library/Core/Src/usbd_ioreq.o
 .comment       0x0000000000000043       0x44 ./USB_DEVICE/App/usb_device.o
 .comment       0x0000000000000043       0x44 ./USB_DEVICE/App/usbd_cdc_if.o
 .comment       0x0000000000000043       0x44 ./USB_DEVICE/App/usbd_desc.o
 .comment       0x0000000000000043       0x44 ./USB_DEVICE/Target/usbd_conf.o

.debug_info     0x0000000000000000    0x17d32
 .debug_info    0x0000000000000000     0x167a ./Core/Src/main.o
 .debug_info    0x000000000000167a     0x129b ./Core/Src/stm32f1xx_hal_msp.o
 .debug_info    0x0000000000002915      0x5f5 ./Core/Src/stm32f1xx_it.o
 .debug_info    0x0000000000002f0a      0x222 ./Core/Src/system_stm32f1xx.o
 .debug_info    0x000000000000312c       0x23 ./Core/Startup/startup_stm32f103rbtx.o
 .debug_info    0x000000000000314f      0x704 ./Drivers/STM32F1xx_HAL_Driver/Src/stm32f1xx_hal.o
 .debug_info    0x0000000000003853      0xc50 ./Drivers/STM32F1xx_HAL_Driver/Src/stm32f1xx_hal_adc.o
 .debug_info    0x00000000000044a3      0xa87 ./Drivers/STM32F1xx_HAL_Driver/Src/stm32f1xx_hal_cortex.o
 .debug_info    0x0000000000004f2a      0x5ab ./Drivers/STM32F1xx_HAL_Driver/Src/stm32f1xx_hal_gpio.o
 .debug_info    0x00000000000054d5     0x2515 ./Drivers/STM32F1xx_HAL_Driver/Src/stm32f1xx_hal_i2c.o
 .debug_info    0x00000000000079ea     0x16cf ./Drivers/STM32F1xx_HAL_Driver/Src/stm32f1xx_hal_pcd.o
 .debug_info    0x00000000000090b9      0x6b6 ./Drivers/STM32F1xx_HAL_Driver/Src/stm32f1xx_hal_pcd_ex.o
 .debug_info    0x000000000000976f      0x7d5 ./Drivers/STM32F1xx_HAL_Driver/Src/stm32f1xx_hal_rcc.o
 .debug_info    0x0000000000009f44      0x3c0 ./Drivers/STM32F1xx_HAL_Driver/Src/stm32f1xx_hal_rcc_ex.o
 .debug_info    0x000000000000a304     0x293b ./Drivers/STM32F1xx_HAL_Driver/Src/stm32f1xx_hal_tim.o
 .debug_info    0x000000000000cc3f     0x149b ./Drivers/STM32F1xx_HAL_Driver/Src/stm32f1xx_hal_tim_ex.o
 .debug_info    0x000000000000e0da     0x2fa8 ./Drivers/STM32F1xx_HAL_Driver/Src/stm32f1xx_hal_uart.o
 .debug_info    0x0000000000011082     0x17a2 ./Drivers/STM32F1xx_HAL_Driver/Src/stm32f1xx_ll_usb.o
 .debug_info    0x0000000000012824     0x1036 ./Middlewares/ST/STM32_USB_Device_Library/Class/CDC/Src/usbd_cdc.o
 .debug_info    0x000000000001385a      0xa52 ./Middlewares/ST/STM32_USB_Device_Library/Core/Src/usbd_core.o
 .debug_info    0x00000000000142ac      0x91c ./Middlewares/ST/STM32_USB_Device_Library/Core/Src/usbd_ctlreq.o
 .debug_info    0x0000000000014bc8      0x6a0 ./Middlewares/ST/STM32_USB_Device_Library/Core/Src/usbd_ioreq.o
 .debug_info    0x0000000000015268      0x63d ./USB_DEVICE/App/usb_device.o
 .debug_info    0x00000000000158a5      0x7ec ./USB_DEVICE/App/usbd_cdc_if.o
 .debug_info    0x0000000000016091      0x44a ./USB_DEVICE/App/usbd_desc.o
 .debug_info    0x00000000000164db     0x1857 ./USB_DEVICE/Target/usbd_conf.o

.debug_abbrev   0x0000000000000000     0x37bf
 .debug_abbrev  0x0000000000000000      0x2b3 ./Core/Src/main.o
 .debug_abbrev  0x00000000000002b3      0x21c ./Core/Src/stm32f1xx_hal_msp.o
 .debug_abbrev  0x00000000000004cf      0x192 ./Core/Src/stm32f1xx_it.o
 .debug_abbrev  0x0000000000000661      0x13f ./Core/Src/system_stm32f1xx.o
 .debug_abbrev  0x00000000000007a0       0x12 ./Core/Startup/startup_stm32f103rbtx.o
 .debug_abbrev  0x00000000000007b2      0x201 ./Drivers/STM32F1xx_HAL_Driver/Src/stm32f1xx_hal.o
 .debug_abbrev  0x00000000000009b3      0x225 ./Drivers/STM32F1xx_HAL_Driver/Src/stm32f1xx_hal_adc.o
 .debug_abbrev  0x0000000000000bd8      0x2f8 ./Drivers/STM32F1xx_HAL_Driver/Src/stm32f1xx_hal_cortex.o
 .debug_abbrev  0x0000000000000ed0      0x1ca ./Drivers/STM32F1xx_HAL_Driver/Src/stm32f1xx_hal_gpio.o
 .debug_abbrev  0x000000000000109a      0x2a3 ./Drivers/STM32F1xx_HAL_Driver/Src/stm32f1xx_hal_i2c.o
 .debug_abbrev  0x000000000000133d      0x2d6 ./Drivers/STM32F1xx_HAL_Driver/Src/stm32f1xx_hal_pcd.o
 .debug_abbrev  0x0000000000001613      0x189 ./Drivers/STM32F1xx_HAL_Driver/Src/stm32f1xx_hal_pcd_ex.o
 .debug_abbrev  0x000000000000179c      0x2b3 ./Drivers/STM32F1xx_HAL_Driver/Src/stm32f1xx_hal_rcc.o
 .debug_abbrev  0x0000000000001a4f      0x188 ./Drivers/STM32F1xx_HAL_Driver/Src/stm32f1xx_hal_rcc_ex.o
 .debug_abbrev  0x0000000000001bd7      0x277 ./Drivers/STM32F1xx_HAL_Driver/Src/stm32f1xx_hal_tim.o
 .debug_abbrev  0x0000000000001e4e      0x282 ./Drivers/STM32F1xx_HAL_Driver/Src/stm32f1xx_hal_tim_ex.o
 .debug_abbrev  0x00000000000020d0      0x2f8 ./Drivers/STM32F1xx_HAL_Driver/Src/stm32f1xx_hal_uart.o
 .debug_abbrev  0x00000000000023c8      0x1de ./Drivers/STM32F1xx_HAL_Driver/Src/stm32f1xx_ll_usb.o
 .debug_abbrev  0x00000000000025a6      0x2d3 ./Middlewares/ST/STM32_USB_Device_Library/Class/CDC/Src/usbd_cdc.o
 .debug_abbrev  0x0000000000002879      0x24a ./Middlewares/ST/STM32_USB_Device_Library/Core/Src/usbd_core.o
 .debug_abbrev  0x0000000000002ac3      0x26b ./Middlewares/ST/STM32_USB_Device_Library/Core/Src/usbd_ctlreq.o
 .debug_abbrev  0x0000000000002d2e      0x192 ./Middlewares/ST/STM32_USB_Device_Library/Core/Src/usbd_ioreq.o
 .debug_abbrev  0x0000000000002ec0      0x18d ./USB_DEVICE/App/usb_device.o
 .debug_abbrev  0x000000000000304d      0x25d ./USB_DEVICE/App/usbd_cdc_if.o
 .debug_abbrev  0x00000000000032aa      0x1ff ./USB_DEVICE/App/usbd_desc.o
 .debug_abbrev  0x00000000000034a9      0x316 ./USB_DEVICE/Target/usbd_conf.o

.debug_aranges  0x0000000000000000     0x15c0
 .debug_aranges
                0x0000000000000000       0x68 ./Core/Src/main.o
 .debug_aranges
                0x0000000000000068       0x68 ./Core/Src/stm32f1xx_hal_msp.o
 .debug_aranges
                0x00000000000000d0       0x68 ./Core/Src/stm32f1xx_it.o
 .debug_aranges
                0x0000000000000138       0x28 ./Core/Src/system_stm32f1xx.o
 .debug_aranges
                0x0000000000000160       0x28 ./Core/Startup/startup_stm32f103rbtx.o
 .debug_aranges
                0x0000000000000188       0xe0 ./Drivers/STM32F1xx_HAL_Driver/Src/stm32f1xx_hal.o
 .debug_aranges
                0x0000000000000268       0xf0 ./Drivers/STM32F1xx_HAL_Driver/Src/stm32f1xx_hal_adc.o
 .debug_aranges
                0x0000000000000358      0x100 ./Drivers/STM32F1xx_HAL_Driver/Src/stm32f1xx_hal_cortex.o
 .debug_aranges
                0x0000000000000458       0x58 ./Drivers/STM32F1xx_HAL_Driver/Src/stm32f1xx_hal_gpio.o
 .debug_aranges
                0x00000000000004b0      0x2a8 ./Drivers/STM32F1xx_HAL_Driver/Src/stm32f1xx_hal_i2c.o
 .debug_aranges
                0x0000000000000758      0x140 ./Drivers/STM32F1xx_HAL_Driver/Src/stm32f1xx_hal_pcd.o
 .debug_aranges
                0x0000000000000898       0x38 ./Drivers/STM32F1xx_HAL_Driver/Src/stm32f1xx_hal_pcd_ex.o
 .debug_aranges
                0x00000000000008d0       0x90 ./Drivers/STM32F1xx_HAL_Driver/Src/stm32f1xx_hal_rcc.o
 .debug_aranges
                0x0000000000000960       0x30 ./Drivers/STM32F1xx_HAL_Driver/Src/stm32f1xx_hal_rcc_ex.o
 .debug_aranges
                0x0000000000000990      0x3d0 ./Drivers/STM32F1xx_HAL_Driver/Src/stm32f1xx_hal_tim.o
 .debug_aranges
                0x0000000000000d60      0x168 ./Drivers/STM32F1xx_HAL_Driver/Src/stm32f1xx_hal_tim_ex.o
 .debug_aranges
                0x0000000000000ec8      0x208 ./Drivers/STM32F1xx_HAL_Driver/Src/stm32f1xx_hal_uart.o
 .debug_aranges
                0x00000000000010d0       0xf8 ./Drivers/STM32F1xx_HAL_Driver/Src/stm32f1xx_ll_usb.o
 .debug_aranges
                0x00000000000011c8       0x90 ./Middlewares/ST/STM32_USB_Device_Library/Class/CDC/Src/usbd_cdc.o
 .debug_aranges
                0x0000000000001258       0xb8 ./Middlewares/ST/STM32_USB_Device_Library/Core/Src/usbd_core.o
 .debug_aranges
                0x0000000000001310       0x88 ./Middlewares/ST/STM32_USB_Device_Library/Core/Src/usbd_ctlreq.o
 .debug_aranges
                0x0000000000001398       0x50 ./Middlewares/ST/STM32_USB_Device_Library/Core/Src/usbd_ioreq.o
 .debug_aranges
                0x00000000000013e8       0x20 ./USB_DEVICE/App/usb_device.o
 .debug_aranges
                0x0000000000001408       0x40 ./USB_DEVICE/App/usbd_cdc_if.o
 .debug_aranges
                0x0000000000001448       0x60 ./USB_DEVICE/App/usbd_desc.o
 .debug_aranges
                0x00000000000014a8      0x118 ./USB_DEVICE/Target/usbd_conf.o

.debug_rnglists
                0x0000000000000000     0x10ed
 .debug_rnglists
                0x0000000000000000       0x4e ./Core/Src/main.o
 .debug_rnglists
                0x000000000000004e       0x4d ./Core/Src/stm32f1xx_hal_msp.o
 .debug_rnglists
                0x000000000000009b       0x49 ./Core/Src/stm32f1xx_it.o
 .debug_rnglists
                0x00000000000000e4       0x1a ./Core/Src/system_stm32f1xx.o
 .debug_rnglists
                0x00000000000000fe       0x19 ./Core/Startup/startup_stm32f103rbtx.o
 .debug_rnglists
                0x0000000000000117       0xa3 ./Drivers/STM32F1xx_HAL_Driver/Src/stm32f1xx_hal.o
 .debug_rnglists
                0x00000000000001ba       0xbc ./Drivers/STM32F1xx_HAL_Driver/Src/stm32f1xx_hal_adc.o
 .debug_rnglists
                0x0000000000000276       0xbb ./Drivers/STM32F1xx_HAL_Driver/Src/stm32f1xx_hal_cortex.o
 .debug_rnglists
                0x0000000000000331       0x3f ./Drivers/STM32F1xx_HAL_Driver/Src/stm32f1xx_hal_gpio.o
 .debug_rnglists
                0x0000000000000370      0x23c ./Drivers/STM32F1xx_HAL_Driver/Src/stm32f1xx_hal_i2c.o
 .debug_rnglists
                0x00000000000005ac       0xf4 ./Drivers/STM32F1xx_HAL_Driver/Src/stm32f1xx_hal_pcd.o
 .debug_rnglists
                0x00000000000006a0       0x26 ./Drivers/STM32F1xx_HAL_Driver/Src/stm32f1xx_hal_pcd_ex.o
 .debug_rnglists
                0x00000000000006c6       0x6c ./Drivers/STM32F1xx_HAL_Driver/Src/stm32f1xx_hal_rcc.o
 .debug_rnglists
                0x0000000000000732       0x21 ./Drivers/STM32F1xx_HAL_Driver/Src/stm32f1xx_hal_rcc_ex.o
 .debug_rnglists
                0x0000000000000753      0x31a ./Drivers/STM32F1xx_HAL_Driver/Src/stm32f1xx_hal_tim.o
 .debug_rnglists
                0x0000000000000a6d      0x125 ./Drivers/STM32F1xx_HAL_Driver/Src/stm32f1xx_hal_tim_ex.o
 .debug_rnglists
                0x0000000000000b92      0x1bc ./Drivers/STM32F1xx_HAL_Driver/Src/stm32f1xx_hal_uart.o
 .debug_rnglists
                0x0000000000000d4e       0xbd ./Drivers/STM32F1xx_HAL_Driver/Src/stm32f1xx_ll_usb.o
 .debug_rnglists
                0x0000000000000e0b       0x6a ./Middlewares/ST/STM32_USB_Device_Library/Class/CDC/Src/usbd_cdc.o
 .debug_rnglists
                0x0000000000000e75       0x89 ./Middlewares/ST/STM32_USB_Device_Library/Core/Src/usbd_core.o
 .debug_rnglists
                0x0000000000000efe       0x68 ./Middlewares/ST/STM32_USB_Device_Library/Core/Src/usbd_ctlreq.o
 .debug_rnglists
                0x0000000000000f66       0x37 ./Middlewares/ST/STM32_USB_Device_Library/Core/Src/usbd_ioreq.o
 .debug_rnglists
                0x0000000000000f9d       0x13 ./USB_DEVICE/App/usb_device.o
 .debug_rnglists
                0x0000000000000fb0       0x2c ./USB_DEVICE/App/usbd_cdc_if.o
 .debug_rnglists
                0x0000000000000fdc       0x43 ./USB_DEVICE/App/usbd_desc.o
 .debug_rnglists
                0x000000000000101f       0xce ./USB_DEVICE/Target/usbd_conf.o

.debug_macro    0x0000000000000000    0x1b5c0
 .debug_macro   0x0000000000000000      0x358 ./Core/Src/main.o
 .debug_macro   0x0000000000000358      0xa9c ./Core/Src/main.o
 .debug_macro   0x0000000000000df4      0x22d ./Core/Src/main.o
 .debug_macro   0x0000000000001021       0x2e ./Core/Src/main.o
 .debug_macro   0x000000000000104f       0x22 ./Core/Src/main.o
 .debug_macro   0x0000000000001071       0x22 ./Core/Src/main.o
 .debug_macro   0x0000000000001093       0x8e ./Core/Src/main.o
 .debug_macro   0x0000000000001121       0x51 ./Core/Src/main.o
 .debug_macro   0x0000000000001172      0x103 ./Core/Src/main.o
 .debug_macro   0x0000000000001275       0x6a ./Core/Src/main.o
 .debug_macro   0x00000000000012df      0x1df ./Core/Src/main.o
 .debug_macro   0x00000000000014be       0x1c ./Core/Src/main.o
 .debug_macro   0x00000000000014da       0x22 ./Core/Src/main.o
 .debug_macro   0x00000000000014fc       0xbd ./Core/Src/main.o
 .debug_macro   0x00000000000015b9      0xd23 ./Core/Src/main.o
 .debug_macro   0x00000000000022dc     0xe09e ./Core/Src/main.o
 .debug_macro   0x000000000001037a       0x6d ./Core/Src/main.o
 .debug_macro   0x00000000000103e7     0x348d ./Core/Src/main.o
 .debug_macro   0x0000000000013874      0x174 ./Core/Src/main.o
 .debug_macro   0x00000000000139e8       0x5c ./Core/Src/main.o
 .debug_macro   0x0000000000013a44      0x5bc ./Core/Src/main.o
 .debug_macro   0x0000000000014000      0x289 ./Core/Src/main.o
 .debug_macro   0x0000000000014289      0x1cb ./Core/Src/main.o
 .debug_macro   0x0000000000014454      0x114 ./Core/Src/main.o
 .debug_macro   0x0000000000014568      0x1b2 ./Core/Src/main.o
 .debug_macro   0x000000000001471a       0x27 ./Core/Src/main.o
 .debug_macro   0x0000000000014741      0x136 ./Core/Src/main.o
 .debug_macro   0x0000000000014877      0x1bc ./Core/Src/main.o
 .debug_macro   0x0000000000014a33       0x34 ./Core/Src/main.o
 .debug_macro   0x0000000000014a67       0x3c ./Core/Src/main.o
 .debug_macro   0x0000000000014aa3       0x57 ./Core/Src/main.o
 .debug_macro   0x0000000000014afa      0x46a ./Core/Src/main.o
 .debug_macro   0x0000000000014f64      0x1b5 ./Core/Src/main.o
 .debug_macro   0x0000000000015119       0x87 ./Core/Src/main.o
 .debug_macro   0x00000000000151a0      0x240 ./Core/Src/main.o
 .debug_macro   0x00000000000153e0      0x287 ./Core/Src/main.o
 .debug_macro   0x0000000000015667      0x140 ./Core/Src/main.o
 .debug_macro   0x00000000000157a7      0x8ed ./Core/Src/main.o
 .debug_macro   0x0000000000016094      0x28e ./Core/Src/main.o
 .debug_macro   0x0000000000016322       0xab ./Core/Src/main.o
 .debug_macro   0x00000000000163cd      0x242 ./Core/Src/main.o
 .debug_macro   0x000000000001660f       0x83 ./Core/Src/main.o
 .debug_macro   0x0000000000016692      0x160 ./Core/Src/main.o
 .debug_macro   0x00000000000167f2       0x61 ./Core/Src/main.o
 .debug_macro   0x0000000000016853       0x24 ./Core/Src/main.o
 .debug_macro   0x0000000000016877       0x43 ./Core/Src/main.o
 .debug_macro   0x00000000000168ba       0x34 ./Core/Src/main.o
 .debug_macro   0x00000000000168ee       0x16 ./Core/Src/main.o
 .debug_macro   0x0000000000016904       0x35 ./Core/Src/main.o
 .debug_macro   0x0000000000016939      0x369 ./Core/Src/main.o
 .debug_macro   0x0000000000016ca2       0x10 ./Core/Src/main.o
 .debug_macro   0x0000000000016cb2       0x16 ./Core/Src/main.o
 .debug_macro   0x0000000000016cc8       0x43 ./Core/Src/main.o
 .debug_macro   0x0000000000016d0b       0x34 ./Core/Src/main.o
 .debug_macro   0x0000000000016d3f       0x10 ./Core/Src/main.o
 .debug_macro   0x0000000000016d4f       0x58 ./Core/Src/main.o
 .debug_macro   0x0000000000016da7       0x8e ./Core/Src/main.o
 .debug_macro   0x0000000000016e35       0x1c ./Core/Src/main.o
 .debug_macro   0x0000000000016e51      0x177 ./Core/Src/main.o
 .debug_macro   0x0000000000016fc8       0x16 ./Core/Src/main.o
 .debug_macro   0x0000000000016fde       0x16 ./Core/Src/main.o
 .debug_macro   0x0000000000016ff4      0x147 ./Core/Src/main.o
 .debug_macro   0x000000000001713b       0x16 ./Core/Src/main.o
 .debug_macro   0x0000000000017151       0x16 ./Core/Src/main.o
 .debug_macro   0x0000000000017167       0x29 ./Core/Src/main.o
 .debug_macro   0x0000000000017190       0x16 ./Core/Src/main.o
 .debug_macro   0x00000000000171a6       0x20 ./Core/Src/main.o
 .debug_macro   0x00000000000171c6       0x5f ./Core/Src/main.o
 .debug_macro   0x0000000000017225      0x1c8 ./Core/Src/main.o
 .debug_macro   0x00000000000173ed      0x1f4 ./Core/Src/stm32f1xx_hal_msp.o
 .debug_macro   0x00000000000175e1      0x1fe ./Core/Src/stm32f1xx_it.o
 .debug_macro   0x00000000000177df      0x1e5 ./Core/Src/system_stm32f1xx.o
 .debug_macro   0x00000000000179c4      0x209 ./Drivers/STM32F1xx_HAL_Driver/Src/stm32f1xx_hal.o
 .debug_macro   0x0000000000017bcd      0x202 ./Drivers/STM32F1xx_HAL_Driver/Src/stm32f1xx_hal_adc.o
 .debug_macro   0x0000000000017dcf      0x1e5 ./Drivers/STM32F1xx_HAL_Driver/Src/stm32f1xx_hal_cortex.o
 .debug_macro   0x0000000000017fb4      0x250 ./Drivers/STM32F1xx_HAL_Driver/Src/stm32f1xx_hal_gpio.o
 .debug_macro   0x0000000000018204      0x233 ./Drivers/STM32F1xx_HAL_Driver/Src/stm32f1xx_hal_i2c.o
 .debug_macro   0x0000000000018437      0x1f1 ./Drivers/STM32F1xx_HAL_Driver/Src/stm32f1xx_hal_pcd.o
 .debug_macro   0x0000000000018628      0x1e5 ./Drivers/STM32F1xx_HAL_Driver/Src/stm32f1xx_hal_pcd_ex.o
 .debug_macro   0x000000000001880d      0x1f7 ./Drivers/STM32F1xx_HAL_Driver/Src/stm32f1xx_hal_rcc.o
 .debug_macro   0x0000000000018a04      0x1e5 ./Drivers/STM32F1xx_HAL_Driver/Src/stm32f1xx_hal_rcc_ex.o
 .debug_macro   0x0000000000018be9      0x1e6 ./Drivers/STM32F1xx_HAL_Driver/Src/stm32f1xx_hal_tim.o
 .debug_macro   0x0000000000018dcf      0x1e5 ./Drivers/STM32F1xx_HAL_Driver/Src/stm32f1xx_hal_tim_ex.o
 .debug_macro   0x0000000000018fb4      0x1e6 ./Drivers/STM32F1xx_HAL_Driver/Src/stm32f1xx_hal_uart.o
 .debug_macro   0x000000000001919a      0x1e5 ./Drivers/STM32F1xx_HAL_Driver/Src/stm32f1xx_ll_usb.o
 .debug_macro   0x000000000001937f      0x383 ./Middlewares/ST/STM32_USB_Device_Library/Class/CDC/Src/usbd_cdc.o
 .debug_macro   0x0000000000019702       0x97 ./Middlewares/ST/STM32_USB_Device_Library/Class/CDC/Src/usbd_cdc.o
 .debug_macro   0x0000000000019799       0xfd ./Middlewares/ST/STM32_USB_Device_Library/Class/CDC/Src/usbd_cdc.o
 .debug_macro   0x0000000000019896       0x56 ./Middlewares/ST/STM32_USB_Device_Library/Class/CDC/Src/usbd_cdc.o
 .debug_macro   0x00000000000198ec       0x8f ./Middlewares/ST/STM32_USB_Device_Library/Class/CDC/Src/usbd_cdc.o
 .debug_macro   0x000000000001997b      0x36a ./Middlewares/ST/STM32_USB_Device_Library/Core/Src/usbd_core.o
 .debug_macro   0x0000000000019ce5      0x1ce ./Middlewares/ST/STM32_USB_Device_Library/Core/Src/usbd_core.o
 .debug_macro   0x0000000000019eb3      0x374 ./Middlewares/ST/STM32_USB_Device_Library/Core/Src/usbd_ctlreq.o
 .debug_macro   0x000000000001a227      0x370 ./Middlewares/ST/STM32_USB_Device_Library/Core/Src/usbd_ioreq.o
 .debug_macro   0x000000000001a597      0x3a3 ./USB_DEVICE/App/usb_device.o
 .debug_macro   0x000000000001a93a      0x166 ./USB_DEVICE/App/usb_device.o
 .debug_macro   0x000000000001aaa0       0x22 ./USB_DEVICE/App/usb_device.o
 .debug_macro   0x000000000001aac2       0x16 ./USB_DEVICE/App/usb_device.o
 .debug_macro   0x000000000001aad8      0x38e ./USB_DEVICE/App/usbd_cdc_if.o
 .debug_macro   0x000000000001ae66       0x10 ./USB_DEVICE/App/usbd_cdc_if.o
 .debug_macro   0x000000000001ae76      0x3a7 ./USB_DEVICE/App/usbd_desc.o
 .debug_macro   0x000000000001b21d       0x1c ./USB_DEVICE/App/usbd_desc.o
 .debug_macro   0x000000000001b239      0x387 ./USB_DEVICE/Target/usbd_conf.o

.debug_line     0x0000000000000000    0x1b721
 .debug_line    0x0000000000000000      0xd48 ./Core/Src/main.o
 .debug_line    0x0000000000000d48      0x94c ./Core/Src/stm32f1xx_hal_msp.o
 .debug_line    0x0000000000001694      0x866 ./Core/Src/stm32f1xx_it.o
 .debug_line    0x0000000000001efa      0x80a ./Core/Src/system_stm32f1xx.o
 .debug_line    0x0000000000002704       0x78 ./Core/Startup/startup_stm32f103rbtx.o
 .debug_line    0x000000000000277c      0xa37 ./Drivers/STM32F1xx_HAL_Driver/Src/stm32f1xx_hal.o
 .debug_line    0x00000000000031b3     0x10b4 ./Drivers/STM32F1xx_HAL_Driver/Src/stm32f1xx_hal_adc.o
 .debug_line    0x0000000000004267      0xc1f ./Drivers/STM32F1xx_HAL_Driver/Src/stm32f1xx_hal_cortex.o
 .debug_line    0x0000000000004e86      0xad0 ./Drivers/STM32F1xx_HAL_Driver/Src/stm32f1xx_hal_gpio.o
 .debug_line    0x0000000000005956     0x3bae ./Drivers/STM32F1xx_HAL_Driver/Src/stm32f1xx_hal_i2c.o
 .debug_line    0x0000000000009504     0x1465 ./Drivers/STM32F1xx_HAL_Driver/Src/stm32f1xx_hal_pcd.o
 .debug_line    0x000000000000a969      0x805 ./Drivers/STM32F1xx_HAL_Driver/Src/stm32f1xx_hal_pcd_ex.o
 .debug_line    0x000000000000b16e      0xe40 ./Drivers/STM32F1xx_HAL_Driver/Src/stm32f1xx_hal_rcc.o
 .debug_line    0x000000000000bfae      0x97c ./Drivers/STM32F1xx_HAL_Driver/Src/stm32f1xx_hal_rcc_ex.o
 .debug_line    0x000000000000c92a     0x3523 ./Drivers/STM32F1xx_HAL_Driver/Src/stm32f1xx_hal_tim.o
 .debug_line    0x000000000000fe4d     0x1996 ./Drivers/STM32F1xx_HAL_Driver/Src/stm32f1xx_hal_tim_ex.o
 .debug_line    0x00000000000117e3     0x2965 ./Drivers/STM32F1xx_HAL_Driver/Src/stm32f1xx_hal_uart.o
 .debug_line    0x0000000000014148     0x10ec ./Drivers/STM32F1xx_HAL_Driver/Src/stm32f1xx_ll_usb.o
 .debug_line    0x0000000000015234      0xd8d ./Middlewares/ST/STM32_USB_Device_Library/Class/CDC/Src/usbd_cdc.o
 .debug_line    0x0000000000015fc1      0xe09 ./Middlewares/ST/STM32_USB_Device_Library/Core/Src/usbd_core.o
 .debug_line    0x0000000000016dca     0x1046 ./Middlewares/ST/STM32_USB_Device_Library/Core/Src/usbd_ctlreq.o
 .debug_line    0x0000000000017e10      0xa9f ./Middlewares/ST/STM32_USB_Device_Library/Core/Src/usbd_ioreq.o
 .debug_line    0x00000000000188af      0xa5f ./USB_DEVICE/App/usb_device.o
 .debug_line    0x000000000001930e      0xaa7 ./USB_DEVICE/App/usbd_cdc_if.o
 .debug_line    0x0000000000019db5      0xb28 ./USB_DEVICE/App/usbd_desc.o
 .debug_line    0x000000000001a8dd      0xe44 ./USB_DEVICE/Target/usbd_conf.o

.debug_str      0x0000000000000000    0x96a90
 .debug_str     0x0000000000000000    0x91670 ./Core/Src/main.o
                                      0x91b75 (size before relaxing)
 .debug_str     0x0000000000091670      0x11a ./Core/Src/stm32f1xx_hal_msp.o
                                      0x8d47f (size before relaxing)
 .debug_str     0x000000000009178a      0x3cd ./Core/Src/stm32f1xx_it.o
                                      0x8ccb9 (size before relaxing)
 .debug_str     0x0000000000091b57       0x7e ./Core/Src/system_stm32f1xx.o
                                      0x8c2cb (size before relaxing)
 .debug_str     0x0000000000091bd5       0x34 ./Core/Startup/startup_stm32f103rbtx.o
                                         0x9c (size before relaxing)
 .debug_str     0x0000000000091c09      0x5fb ./Drivers/STM32F1xx_HAL_Driver/Src/stm32f1xx_hal.o
                                      0x8c9fe (size before relaxing)
 .debug_str     0x0000000000092204      0x34f ./Drivers/STM32F1xx_HAL_Driver/Src/stm32f1xx_hal_adc.o
                                      0x8c9af (size before relaxing)
 .debug_str     0x0000000000092553      0x293 ./Drivers/STM32F1xx_HAL_Driver/Src/stm32f1xx_hal_cortex.o
                                      0x8c94a (size before relaxing)
 .debug_str     0x00000000000927e6      0x2c2 ./Drivers/STM32F1xx_HAL_Driver/Src/stm32f1xx_hal_gpio.o
                                      0x8c651 (size before relaxing)
 .debug_str     0x0000000000092aa8      0xba7 ./Drivers/STM32F1xx_HAL_Driver/Src/stm32f1xx_hal_i2c.o
                                      0x8d392 (size before relaxing)
 .debug_str     0x000000000009364f      0x5bd ./Drivers/STM32F1xx_HAL_Driver/Src/stm32f1xx_hal_pcd.o
                                      0x8cbdd (size before relaxing)
 .debug_str     0x0000000000093c0c      0x170 ./Drivers/STM32F1xx_HAL_Driver/Src/stm32f1xx_hal_pcd_ex.o
                                      0x8c73f (size before relaxing)
 .debug_str     0x0000000000093d7c      0x209 ./Drivers/STM32F1xx_HAL_Driver/Src/stm32f1xx_hal_rcc.o
                                      0x8c6fa (size before relaxing)
 .debug_str     0x0000000000093f85       0x84 ./Drivers/STM32F1xx_HAL_Driver/Src/stm32f1xx_hal_rcc_ex.o
                                      0x8c44a (size before relaxing)
 .debug_str     0x0000000000094009      0xdd0 ./Drivers/STM32F1xx_HAL_Driver/Src/stm32f1xx_hal_tim.o
                                      0x8d6ec (size before relaxing)
 .debug_str     0x0000000000094dd9      0x3e1 ./Drivers/STM32F1xx_HAL_Driver/Src/stm32f1xx_hal_tim_ex.o
                                      0x8cf08 (size before relaxing)
 .debug_str     0x00000000000951ba      0x614 ./Drivers/STM32F1xx_HAL_Driver/Src/stm32f1xx_hal_uart.o
                                      0x8cd6b (size before relaxing)
 .debug_str     0x00000000000957ce      0x129 ./Drivers/STM32F1xx_HAL_Driver/Src/stm32f1xx_ll_usb.o
                                      0x8c791 (size before relaxing)
 .debug_str     0x00000000000958f7      0x957 ./Middlewares/ST/STM32_USB_Device_Library/Class/CDC/Src/usbd_cdc.o
                                      0x91804 (size before relaxing)
 .debug_str     0x000000000009624e      0x281 ./Middlewares/ST/STM32_USB_Device_Library/Core/Src/usbd_core.o
                                      0x9113f (size before relaxing)
 .debug_str     0x00000000000964cf      0x120 ./Middlewares/ST/STM32_USB_Device_Library/Core/Src/usbd_ctlreq.o
                                      0x91059 (size before relaxing)
 .debug_str     0x00000000000965ef       0x51 ./Middlewares/ST/STM32_USB_Device_Library/Core/Src/usbd_ioreq.o
                                      0x90f86 (size before relaxing)
 .debug_str     0x0000000000096640      0x105 ./USB_DEVICE/App/usb_device.o
                                      0x91311 (size before relaxing)
 .debug_str     0x0000000000096745       0x86 ./USB_DEVICE/App/usbd_cdc_if.o
                                      0x91337 (size before relaxing)
 .debug_str     0x00000000000967cb      0x258 ./USB_DEVICE/App/usbd_desc.o
                                      0x90ec2 (size before relaxing)
 .debug_str     0x0000000000096a23       0x6d ./USB_DEVICE/Target/usbd_conf.o
                                      0x91d91 (size before relaxing)

.debug_frame    0x0000000000000000     0x5ce4
 .debug_frame   0x0000000000000000      0x158 ./Core/Src/main.o
 .debug_frame   0x0000000000000158      0x184 ./Core/Src/stm32f1xx_hal_msp.o
 .debug_frame   0x00000000000002dc      0x120 ./Core/Src/stm32f1xx_it.o
 .debug_frame   0x00000000000003fc       0x58 ./Core/Src/system_stm32f1xx.o
 .debug_frame   0x0000000000000454      0x334 ./Drivers/STM32F1xx_HAL_Driver/Src/stm32f1xx_hal.o
 .debug_frame   0x0000000000000788      0x40c ./Drivers/STM32F1xx_HAL_Driver/Src/stm32f1xx_hal_adc.o
 .debug_frame   0x0000000000000b94      0x428 ./Drivers/STM32F1xx_HAL_Driver/Src/stm32f1xx_hal_cortex.o
 .debug_frame   0x0000000000000fbc      0x14c ./Drivers/STM32F1xx_HAL_Driver/Src/stm32f1xx_hal_gpio.o
 .debug_frame   0x0000000000001108      0xc84 ./Drivers/STM32F1xx_HAL_Driver/Src/stm32f1xx_hal_i2c.o
 .debug_frame   0x0000000000001d8c      0x59c ./Drivers/STM32F1xx_HAL_Driver/Src/stm32f1xx_hal_pcd.o
 .debug_frame   0x0000000000002328       0xb0 ./Drivers/STM32F1xx_HAL_Driver/Src/stm32f1xx_hal_pcd_ex.o
 .debug_frame   0x00000000000023d8      0x218 ./Drivers/STM32F1xx_HAL_Driver/Src/stm32f1xx_hal_rcc.o
 .debug_frame   0x00000000000025f0       0x80 ./Drivers/STM32F1xx_HAL_Driver/Src/stm32f1xx_hal_rcc_ex.o
 .debug_frame   0x0000000000002670     0x11bc ./Drivers/STM32F1xx_HAL_Driver/Src/stm32f1xx_hal_tim.o
 .debug_frame   0x000000000000382c      0x638 ./Drivers/STM32F1xx_HAL_Driver/Src/stm32f1xx_hal_tim_ex.o